ERROR - 2026-04-05 21:10:49 --> ErrorException: pg_query(): Query failed: ERROR:  update or delete on table &quot;sspelayanan&quot; violates foreign key constraint &quot;tb_tiket_id_pelayanan_fkey&quot; on table &quot;tb_tiket&quot;
DETAIL:  Key (id_pelayanan)=(17) is still referenced from table &quot;tb_tiket&quot;. in C:\Users\LOQ\Music\Peluit - Copy\system\Database\Postgre\Connection.php:136
Stack trace:
#0 [internal function]: CodeIgniter\Debug\Exceptions->errorHandler(2, 'pg_query(): Que...', 'C:\\Users\\LOQ\\Mu...', 136, Array)
#1 C:\Users\LOQ\Music\Peluit - Copy\system\Database\Postgre\Connection.php(136): pg_query(Resource id #155, 'DELETE FROM "ss...')
#2 C:\Users\LOQ\Music\Peluit - Copy\system\Database\BaseConnection.php(670): CodeIgniter\Database\Postgre\Connection->execute('DELETE FROM "ss...')
#3 C:\Users\LOQ\Music\Peluit - Copy\system\Database\BaseConnection.php(598): CodeIgniter\Database\BaseConnection->simpleQuery('DELETE FROM "ss...')
#4 C:\Users\LOQ\Music\Peluit - Copy\system\Database\BaseBuilder.php(2213): CodeIgniter\Database\BaseConnection->query('DELETE FROM "ss...', Array, false)
#5 C:\Users\LOQ\Music\Peluit - Copy\system\Database\Postgre\Builder.php(204): CodeIgniter\Database\BaseBuilder->delete('', NULL, true)
#6 C:\Users\LOQ\Music\Peluit - Copy\system\Model.php(359): CodeIgniter\Database\Postgre\Builder->delete()
#7 C:\Users\LOQ\Music\Peluit - Copy\system\BaseModel.php(963): CodeIgniter\Model->doDelete(NULL, false)
#8 C:\Users\LOQ\Music\Peluit - Copy\app\Controllers\Admin.php(1151): CodeIgniter\BaseModel->delete()
#9 C:\Users\LOQ\Music\Peluit - Copy\system\CodeIgniter.php(824): App\Controllers\Admin->del_pelayanan()
#10 C:\Users\LOQ\Music\Peluit - Copy\system\CodeIgniter.php(410): CodeIgniter\CodeIgniter->runController(Object(App\Controllers\Admin))
#11 C:\Users\LOQ\Music\Peluit - Copy\system\CodeIgniter.php(318): CodeIgniter\CodeIgniter->handleRequest(NULL, Object(Config\Cache), false)
#12 C:\Users\LOQ\Music\Peluit - Copy\public\index.php(37): CodeIgniter\CodeIgniter->run()
#13 C:\Users\LOQ\Music\Peluit - Copy\system\Commands\Server\rewrite.php(43): require_once('C:\\Users\\LOQ\\Mu...')
#14 {main}
CRITICAL - 2026-04-05 21:10:49 --> pg_query(): Query failed: ERROR:  update or delete on table &quot;sspelayanan&quot; violates foreign key constraint &quot;tb_tiket_id_pelayanan_fkey&quot; on table &quot;tb_tiket&quot;
DETAIL:  Key (id_pelayanan)=(17) is still referenced from table &quot;tb_tiket&quot;.
#0 [internal function]: CodeIgniter\Debug\Exceptions->errorHandler(2, 'pg_query(): Que...', 'C:\\Users\\LOQ\\Mu...', 136, Array)
#1 C:\Users\LOQ\Music\Peluit - Copy\system\Database\Postgre\Connection.php(136): pg_query(Resource id #155, 'DELETE FROM "ss...')
#2 C:\Users\LOQ\Music\Peluit - Copy\system\Database\BaseConnection.php(670): CodeIgniter\Database\Postgre\Connection->execute('DELETE FROM "ss...')
#3 C:\Users\LOQ\Music\Peluit - Copy\system\Database\BaseConnection.php(598): CodeIgniter\Database\BaseConnection->simpleQuery('DELETE FROM "ss...')
#4 C:\Users\LOQ\Music\Peluit - Copy\system\Database\BaseBuilder.php(2213): CodeIgniter\Database\BaseConnection->query('DELETE FROM "ss...', Array, false)
#5 C:\Users\LOQ\Music\Peluit - Copy\system\Database\Postgre\Builder.php(204): CodeIgniter\Database\BaseBuilder->delete('', NULL, true)
#6 C:\Users\LOQ\Music\Peluit - Copy\system\Model.php(359): CodeIgniter\Database\Postgre\Builder->delete()
#7 C:\Users\LOQ\Music\Peluit - Copy\system\BaseModel.php(963): CodeIgniter\Model->doDelete(NULL, false)
#8 C:\Users\LOQ\Music\Peluit - Copy\app\Controllers\Admin.php(1151): CodeIgniter\BaseModel->delete()
#9 C:\Users\LOQ\Music\Peluit - Copy\system\CodeIgniter.php(824): App\Controllers\Admin->del_pelayanan()
#10 C:\Users\LOQ\Music\Peluit - Copy\system\CodeIgniter.php(410): CodeIgniter\CodeIgniter->runController(Object(App\Controllers\Admin))
#11 C:\Users\LOQ\Music\Peluit - Copy\system\CodeIgniter.php(318): CodeIgniter\CodeIgniter->handleRequest(NULL, Object(Config\Cache), false)
#12 C:\Users\LOQ\Music\Peluit - Copy\public\index.php(37): CodeIgniter\CodeIgniter->run()
#13 C:\Users\LOQ\Music\Peluit - Copy\system\Commands\Server\rewrite.php(43): require_once('C:\\Users\\LOQ\\Mu...')
#14 {main}
CRITICAL - 2026-04-05 21:10:49 --> Uncaught CodeIgniter\Format\Exceptions\FormatException: Failed to parse json string, error: "Type is not supported". in C:\Users\LOQ\Music\Peluit - Copy\system\Format\JSONFormatter.php:41
Stack trace:
#0 C:\Users\LOQ\Music\Peluit - Copy\system\Format\JSONFormatter.php(41): CodeIgniter\Format\Exceptions\FormatException::forInvalidJSON('Type is not sup...')
#1 C:\Users\LOQ\Music\Peluit - Copy\system\API\ResponseTrait.php(341): CodeIgniter\Format\JSONFormatter->format(Array)
#2 C:\Users\LOQ\Music\Peluit - Copy\system\API\ResponseTrait.php(99): CodeIgniter\Debug\Exceptions->format(Array)
#3 C:\Users\LOQ\Music\Peluit - Copy\system\Debug\Exceptions.php(110): CodeIgniter\Debug\Exceptions->respond(Array, 500)
#4 [internal function]: CodeIgniter\Debug\Exceptions->exceptionHandler(Object(ErrorException))
#5 {main}
  thrown
#0 [internal function]: CodeIgniter\Debug\Exceptions->shutdownHandler()
#1 {main}
