ERROR - 2026-04-19 03:17:52 --> Email: sendWithSmtp throwed fsockopen(): unable to connect to smtp.gmail.com:587 (A connection attempt failed because the connected party did not properly respond after a period of time, or established connection failed because connected host has failed to respond.
)
ERROR - 2026-04-19 03:18:17 --> Email: sendWithSmtp throwed fsockopen(): unable to connect to smtp.gmail.com:587 (A connection attempt failed because the connected party did not properly respond after a period of time, or established connection failed because connected host has failed to respond.
)
ERROR - 2026-04-19 03:18:58 --> Email: sendWithSmtp throwed fsockopen(): unable to connect to smtp.gmail.com:587 (A connection attempt failed because the connected party did not properly respond after a period of time, or established connection failed because connected host has failed to respond.
)
ERROR - 2026-04-19 03:19:24 --> Email: sendWithSmtp throwed fsockopen(): unable to connect to smtp.gmail.com:587 (A connection attempt failed because the connected party did not properly respond after a period of time, or established connection failed because connected host has failed to respond.
)
ERROR - 2026-04-19 03:19:47 --> Email: sendWithSmtp throwed fsockopen(): unable to connect to smtp.gmail.com:587 (A connection attempt failed because the connected party did not properly respond after a period of time, or established connection failed because connected host has failed to respond.
)
ERROR - 2026-04-19 03:21:49 --> Email: sendWithSmtp throwed fsockopen(): unable to connect to smtp.gmail.com:587 (A connection attempt failed because the connected party did not properly respond after a period of time, or established connection failed because connected host has failed to respond.
)
ERROR - 2026-04-19 03:22:43 --> Email: sendWithSmtp throwed fsockopen(): unable to connect to smtp.gmail.com:587 (A connection attempt failed because the connected party did not properly respond after a period of time, or established connection failed because connected host has failed to respond.
)
ERROR - 2026-04-19 03:23:01 --> Email: sendWithSmtp throwed fsockopen(): unable to connect to smtp.gmail.com:587 (A connection attempt failed because the connected party did not properly respond after a period of time, or established connection failed because connected host has failed to respond.
)
ERROR - 2026-04-19 03:23:19 --> Email: sendWithSmtp throwed fsockopen(): unable to connect to smtp.gmail.com:587 (A connection attempt failed because the connected party did not properly respond after a period of time, or established connection failed because connected host has failed to respond.
)
ERROR - 2026-04-19 03:23:39 --> Email: sendWithSmtp throwed fsockopen(): unable to connect to smtp.gmail.com:587 (A connection attempt failed because the connected party did not properly respond after a period of time, or established connection failed because connected host has failed to respond.
)
ERROR - 2026-04-19 03:23:48 --> Email: sendWithSmtp throwed fsockopen(): unable to connect to smtp.gmail.com:587 (A connection attempt failed because the connected party did not properly respond after a period of time, or established connection failed because connected host has failed to respond.
)
ERROR - 2026-04-19 03:40:31 --> ErrorException: pg_query(): Query failed: ERROR:  update or delete on table &quot;sspelayanan&quot; violates foreign key constraint &quot;tb_tiket_id_pelayanan_fkey&quot; on table &quot;tb_tiket&quot;
DETAIL:  Key (id_pelayanan)=(18) is still referenced from table &quot;tb_tiket&quot;. in C:\Users\LOQ\Music\Peluit - Copy\system\Database\Postgre\Connection.php:136
Stack trace:
#0 [internal function]: CodeIgniter\Debug\Exceptions->errorHandler(2, 'pg_query(): Que...', 'C:\\Users\\LOQ\\Mu...', 136, Array)
#1 C:\Users\LOQ\Music\Peluit - Copy\system\Database\Postgre\Connection.php(136): pg_query(Resource id #155, 'DELETE FROM "ss...')
#2 C:\Users\LOQ\Music\Peluit - Copy\system\Database\BaseConnection.php(670): CodeIgniter\Database\Postgre\Connection->execute('DELETE FROM "ss...')
#3 C:\Users\LOQ\Music\Peluit - Copy\system\Database\BaseConnection.php(598): CodeIgniter\Database\BaseConnection->simpleQuery('DELETE FROM "ss...')
#4 C:\Users\LOQ\Music\Peluit - Copy\system\Database\BaseBuilder.php(2213): CodeIgniter\Database\BaseConnection->query('DELETE FROM "ss...', Array, false)
#5 C:\Users\LOQ\Music\Peluit - Copy\system\Database\Postgre\Builder.php(204): CodeIgniter\Database\BaseBuilder->delete('', NULL, true)
#6 C:\Users\LOQ\Music\Peluit - Copy\system\Model.php(359): CodeIgniter\Database\Postgre\Builder->delete()
#7 C:\Users\LOQ\Music\Peluit - Copy\system\BaseModel.php(963): CodeIgniter\Model->doDelete(NULL, false)
#8 C:\Users\LOQ\Music\Peluit - Copy\app\Controllers\Admin.php(1324): CodeIgniter\BaseModel->delete()
#9 C:\Users\LOQ\Music\Peluit - Copy\system\CodeIgniter.php(824): App\Controllers\Admin->del_pelayanan()
#10 C:\Users\LOQ\Music\Peluit - Copy\system\CodeIgniter.php(410): CodeIgniter\CodeIgniter->runController(Object(App\Controllers\Admin))
#11 C:\Users\LOQ\Music\Peluit - Copy\system\CodeIgniter.php(318): CodeIgniter\CodeIgniter->handleRequest(NULL, Object(Config\Cache), false)
#12 C:\Users\LOQ\Music\Peluit - Copy\public\index.php(37): CodeIgniter\CodeIgniter->run()
#13 C:\Users\LOQ\Music\Peluit - Copy\system\Commands\Server\rewrite.php(43): require_once('C:\\Users\\LOQ\\Mu...')
#14 {main}
CRITICAL - 2026-04-19 03:40:31 --> pg_query(): Query failed: ERROR:  update or delete on table &quot;sspelayanan&quot; violates foreign key constraint &quot;tb_tiket_id_pelayanan_fkey&quot; on table &quot;tb_tiket&quot;
DETAIL:  Key (id_pelayanan)=(18) is still referenced from table &quot;tb_tiket&quot;.
#0 [internal function]: CodeIgniter\Debug\Exceptions->errorHandler(2, 'pg_query(): Que...', 'C:\\Users\\LOQ\\Mu...', 136, Array)
#1 C:\Users\LOQ\Music\Peluit - Copy\system\Database\Postgre\Connection.php(136): pg_query(Resource id #155, 'DELETE FROM "ss...')
#2 C:\Users\LOQ\Music\Peluit - Copy\system\Database\BaseConnection.php(670): CodeIgniter\Database\Postgre\Connection->execute('DELETE FROM "ss...')
#3 C:\Users\LOQ\Music\Peluit - Copy\system\Database\BaseConnection.php(598): CodeIgniter\Database\BaseConnection->simpleQuery('DELETE FROM "ss...')
#4 C:\Users\LOQ\Music\Peluit - Copy\system\Database\BaseBuilder.php(2213): CodeIgniter\Database\BaseConnection->query('DELETE FROM "ss...', Array, false)
#5 C:\Users\LOQ\Music\Peluit - Copy\system\Database\Postgre\Builder.php(204): CodeIgniter\Database\BaseBuilder->delete('', NULL, true)
#6 C:\Users\LOQ\Music\Peluit - Copy\system\Model.php(359): CodeIgniter\Database\Postgre\Builder->delete()
#7 C:\Users\LOQ\Music\Peluit - Copy\system\BaseModel.php(963): CodeIgniter\Model->doDelete(NULL, false)
#8 C:\Users\LOQ\Music\Peluit - Copy\app\Controllers\Admin.php(1324): CodeIgniter\BaseModel->delete()
#9 C:\Users\LOQ\Music\Peluit - Copy\system\CodeIgniter.php(824): App\Controllers\Admin->del_pelayanan()
#10 C:\Users\LOQ\Music\Peluit - Copy\system\CodeIgniter.php(410): CodeIgniter\CodeIgniter->runController(Object(App\Controllers\Admin))
#11 C:\Users\LOQ\Music\Peluit - Copy\system\CodeIgniter.php(318): CodeIgniter\CodeIgniter->handleRequest(NULL, Object(Config\Cache), false)
#12 C:\Users\LOQ\Music\Peluit - Copy\public\index.php(37): CodeIgniter\CodeIgniter->run()
#13 C:\Users\LOQ\Music\Peluit - Copy\system\Commands\Server\rewrite.php(43): require_once('C:\\Users\\LOQ\\Mu...')
#14 {main}
CRITICAL - 2026-04-19 03:40:31 --> Uncaught CodeIgniter\Format\Exceptions\FormatException: Failed to parse json string, error: "Type is not supported". in C:\Users\LOQ\Music\Peluit - Copy\system\Format\JSONFormatter.php:41
Stack trace:
#0 C:\Users\LOQ\Music\Peluit - Copy\system\Format\JSONFormatter.php(41): CodeIgniter\Format\Exceptions\FormatException::forInvalidJSON('Type is not sup...')
#1 C:\Users\LOQ\Music\Peluit - Copy\system\API\ResponseTrait.php(341): CodeIgniter\Format\JSONFormatter->format(Array)
#2 C:\Users\LOQ\Music\Peluit - Copy\system\API\ResponseTrait.php(99): CodeIgniter\Debug\Exceptions->format(Array)
#3 C:\Users\LOQ\Music\Peluit - Copy\system\Debug\Exceptions.php(110): CodeIgniter\Debug\Exceptions->respond(Array, 500)
#4 [internal function]: CodeIgniter\Debug\Exceptions->exceptionHandler(Object(ErrorException))
#5 {main}
  thrown
#0 [internal function]: CodeIgniter\Debug\Exceptions->shutdownHandler()
#1 {main}
ERROR - 2026-04-19 03:51:30 --> ErrorException: pg_query(): Query failed: ERROR:  update or delete on table &quot;sspelayanan&quot; violates foreign key constraint &quot;tb_tiket_id_pelayanan_fkey&quot; on table &quot;tb_tiket&quot;
DETAIL:  Key (id_pelayanan)=(18) is still referenced from table &quot;tb_tiket&quot;. in C:\Users\LOQ\Music\Peluit - Copy\system\Database\Postgre\Connection.php:136
Stack trace:
#0 [internal function]: CodeIgniter\Debug\Exceptions->errorHandler(2, 'pg_query(): Que...', 'C:\\Users\\LOQ\\Mu...', 136, Array)
#1 C:\Users\LOQ\Music\Peluit - Copy\system\Database\Postgre\Connection.php(136): pg_query(Resource id #155, 'DELETE FROM "ss...')
#2 C:\Users\LOQ\Music\Peluit - Copy\system\Database\BaseConnection.php(670): CodeIgniter\Database\Postgre\Connection->execute('DELETE FROM "ss...')
#3 C:\Users\LOQ\Music\Peluit - Copy\system\Database\BaseConnection.php(598): CodeIgniter\Database\BaseConnection->simpleQuery('DELETE FROM "ss...')
#4 C:\Users\LOQ\Music\Peluit - Copy\system\Database\BaseBuilder.php(2213): CodeIgniter\Database\BaseConnection->query('DELETE FROM "ss...', Array, false)
#5 C:\Users\LOQ\Music\Peluit - Copy\system\Database\Postgre\Builder.php(204): CodeIgniter\Database\BaseBuilder->delete('', NULL, true)
#6 C:\Users\LOQ\Music\Peluit - Copy\system\Model.php(359): CodeIgniter\Database\Postgre\Builder->delete()
#7 C:\Users\LOQ\Music\Peluit - Copy\system\BaseModel.php(963): CodeIgniter\Model->doDelete(NULL, false)
#8 C:\Users\LOQ\Music\Peluit - Copy\app\Controllers\Admin.php(1324): CodeIgniter\BaseModel->delete()
#9 C:\Users\LOQ\Music\Peluit - Copy\system\CodeIgniter.php(824): App\Controllers\Admin->del_pelayanan()
#10 C:\Users\LOQ\Music\Peluit - Copy\system\CodeIgniter.php(410): CodeIgniter\CodeIgniter->runController(Object(App\Controllers\Admin))
#11 C:\Users\LOQ\Music\Peluit - Copy\system\CodeIgniter.php(318): CodeIgniter\CodeIgniter->handleRequest(NULL, Object(Config\Cache), false)
#12 C:\Users\LOQ\Music\Peluit - Copy\public\index.php(37): CodeIgniter\CodeIgniter->run()
#13 C:\Users\LOQ\Music\Peluit - Copy\system\Commands\Server\rewrite.php(43): require_once('C:\\Users\\LOQ\\Mu...')
#14 {main}
CRITICAL - 2026-04-19 03:51:30 --> pg_query(): Query failed: ERROR:  update or delete on table &quot;sspelayanan&quot; violates foreign key constraint &quot;tb_tiket_id_pelayanan_fkey&quot; on table &quot;tb_tiket&quot;
DETAIL:  Key (id_pelayanan)=(18) is still referenced from table &quot;tb_tiket&quot;.
#0 [internal function]: CodeIgniter\Debug\Exceptions->errorHandler(2, 'pg_query(): Que...', 'C:\\Users\\LOQ\\Mu...', 136, Array)
#1 C:\Users\LOQ\Music\Peluit - Copy\system\Database\Postgre\Connection.php(136): pg_query(Resource id #155, 'DELETE FROM "ss...')
#2 C:\Users\LOQ\Music\Peluit - Copy\system\Database\BaseConnection.php(670): CodeIgniter\Database\Postgre\Connection->execute('DELETE FROM "ss...')
#3 C:\Users\LOQ\Music\Peluit - Copy\system\Database\BaseConnection.php(598): CodeIgniter\Database\BaseConnection->simpleQuery('DELETE FROM "ss...')
#4 C:\Users\LOQ\Music\Peluit - Copy\system\Database\BaseBuilder.php(2213): CodeIgniter\Database\BaseConnection->query('DELETE FROM "ss...', Array, false)
#5 C:\Users\LOQ\Music\Peluit - Copy\system\Database\Postgre\Builder.php(204): CodeIgniter\Database\BaseBuilder->delete('', NULL, true)
#6 C:\Users\LOQ\Music\Peluit - Copy\system\Model.php(359): CodeIgniter\Database\Postgre\Builder->delete()
#7 C:\Users\LOQ\Music\Peluit - Copy\system\BaseModel.php(963): CodeIgniter\Model->doDelete(NULL, false)
#8 C:\Users\LOQ\Music\Peluit - Copy\app\Controllers\Admin.php(1324): CodeIgniter\BaseModel->delete()
#9 C:\Users\LOQ\Music\Peluit - Copy\system\CodeIgniter.php(824): App\Controllers\Admin->del_pelayanan()
#10 C:\Users\LOQ\Music\Peluit - Copy\system\CodeIgniter.php(410): CodeIgniter\CodeIgniter->runController(Object(App\Controllers\Admin))
#11 C:\Users\LOQ\Music\Peluit - Copy\system\CodeIgniter.php(318): CodeIgniter\CodeIgniter->handleRequest(NULL, Object(Config\Cache), false)
#12 C:\Users\LOQ\Music\Peluit - Copy\public\index.php(37): CodeIgniter\CodeIgniter->run()
#13 C:\Users\LOQ\Music\Peluit - Copy\system\Commands\Server\rewrite.php(43): require_once('C:\\Users\\LOQ\\Mu...')
#14 {main}
CRITICAL - 2026-04-19 03:51:30 --> Uncaught CodeIgniter\Format\Exceptions\FormatException: Failed to parse json string, error: "Type is not supported". in C:\Users\LOQ\Music\Peluit - Copy\system\Format\JSONFormatter.php:41
Stack trace:
#0 C:\Users\LOQ\Music\Peluit - Copy\system\Format\JSONFormatter.php(41): CodeIgniter\Format\Exceptions\FormatException::forInvalidJSON('Type is not sup...')
#1 C:\Users\LOQ\Music\Peluit - Copy\system\API\ResponseTrait.php(341): CodeIgniter\Format\JSONFormatter->format(Array)
#2 C:\Users\LOQ\Music\Peluit - Copy\system\API\ResponseTrait.php(99): CodeIgniter\Debug\Exceptions->format(Array)
#3 C:\Users\LOQ\Music\Peluit - Copy\system\Debug\Exceptions.php(110): CodeIgniter\Debug\Exceptions->respond(Array, 500)
#4 [internal function]: CodeIgniter\Debug\Exceptions->exceptionHandler(Object(ErrorException))
#5 {main}
  thrown
#0 [internal function]: CodeIgniter\Debug\Exceptions->shutdownHandler()
#1 {main}
ERROR - 2026-04-19 04:07:36 --> Email: sendWithSmtp throwed fsockopen(): unable to connect to smtp.gmail.com:587 (A connection attempt failed because the connected party did not properly respond after a period of time, or established connection failed because connected host has failed to respond.
)
ERROR - 2026-04-19 04:07:46 --> Email: sendWithSmtp throwed fsockopen(): unable to connect to smtp.gmail.com:587 (A connection attempt failed because the connected party did not properly respond after a period of time, or established connection failed because connected host has failed to respond.
)
ERROR - 2026-04-19 04:08:33 --> Email: sendWithSmtp throwed fsockopen(): unable to connect to smtp.gmail.com:587 (A connection attempt failed because the connected party did not properly respond after a period of time, or established connection failed because connected host has failed to respond.
)
ERROR - 2026-04-19 04:09:09 --> Email: sendWithSmtp throwed fsockopen(): unable to connect to smtp.gmail.com:587 (A connection attempt failed because the connected party did not properly respond after a period of time, or established connection failed because connected host has failed to respond.
)
ERROR - 2026-04-19 04:09:18 --> Email: sendWithSmtp throwed fsockopen(): unable to connect to smtp.gmail.com:587 (A connection attempt failed because the connected party did not properly respond after a period of time, or established connection failed because connected host has failed to respond.
)
