CRITICAL - 2026-04-22 08:59:14 --> Trying to get property 'id_sub' of non-object
#0 C:\Users\LOQ\Music\Peluit - Copy\app\Controllers\Operator.php(60): CodeIgniter\Debug\Exceptions->errorHandler(8, 'Trying to get p...', 'C:\\Users\\LOQ\\Mu...', 60, Array)
#1 C:\Users\LOQ\Music\Peluit - Copy\system\CodeIgniter.php(824): App\Controllers\Operator->orders_user()
#2 C:\Users\LOQ\Music\Peluit - Copy\system\CodeIgniter.php(410): CodeIgniter\CodeIgniter->runController(Object(App\Controllers\Operator))
#3 C:\Users\LOQ\Music\Peluit - Copy\system\CodeIgniter.php(318): CodeIgniter\CodeIgniter->handleRequest(NULL, Object(Config\Cache), false)
#4 C:\Users\LOQ\Music\Peluit - Copy\public\index.php(37): CodeIgniter\CodeIgniter->run()
#5 C:\Users\LOQ\Music\Peluit - Copy\system\Commands\Server\rewrite.php(43): require_once('C:\\Users\\LOQ\\Mu...')
#6 {main}
CRITICAL - 2026-04-22 08:59:15 --> Uncaught CodeIgniter\Format\Exceptions\FormatException: Failed to parse json string, error: "Type is not supported". in C:\Users\LOQ\Music\Peluit - Copy\system\Format\JSONFormatter.php:41
Stack trace:
#0 C:\Users\LOQ\Music\Peluit - Copy\system\Format\JSONFormatter.php(41): CodeIgniter\Format\Exceptions\FormatException::forInvalidJSON('Type is not sup...')
#1 C:\Users\LOQ\Music\Peluit - Copy\system\API\ResponseTrait.php(341): CodeIgniter\Format\JSONFormatter->format(Array)
#2 C:\Users\LOQ\Music\Peluit - Copy\system\API\ResponseTrait.php(99): CodeIgniter\Debug\Exceptions->format(Array)
#3 C:\Users\LOQ\Music\Peluit - Copy\system\Debug\Exceptions.php(110): CodeIgniter\Debug\Exceptions->respond(Array, 500)
#4 [internal function]: CodeIgniter\Debug\Exceptions->exceptionHandler(Object(ErrorException))
#5 {main}
  thrown
#0 [internal function]: CodeIgniter\Debug\Exceptions->shutdownHandler()
#1 {main}
CRITICAL - 2026-04-22 08:59:22 --> Trying to get property 'id_sub' of non-object
#0 C:\Users\LOQ\Music\Peluit - Copy\app\Controllers\Operator.php(60): CodeIgniter\Debug\Exceptions->errorHandler(8, 'Trying to get p...', 'C:\\Users\\LOQ\\Mu...', 60, Array)
#1 C:\Users\LOQ\Music\Peluit - Copy\system\CodeIgniter.php(824): App\Controllers\Operator->orders_user()
#2 C:\Users\LOQ\Music\Peluit - Copy\system\CodeIgniter.php(410): CodeIgniter\CodeIgniter->runController(Object(App\Controllers\Operator))
#3 C:\Users\LOQ\Music\Peluit - Copy\system\CodeIgniter.php(318): CodeIgniter\CodeIgniter->handleRequest(NULL, Object(Config\Cache), false)
#4 C:\Users\LOQ\Music\Peluit - Copy\public\index.php(37): CodeIgniter\CodeIgniter->run()
#5 C:\Users\LOQ\Music\Peluit - Copy\system\Commands\Server\rewrite.php(43): require_once('C:\\Users\\LOQ\\Mu...')
#6 {main}
CRITICAL - 2026-04-22 08:59:22 --> Uncaught CodeIgniter\Format\Exceptions\FormatException: Failed to parse json string, error: "Type is not supported". in C:\Users\LOQ\Music\Peluit - Copy\system\Format\JSONFormatter.php:41
Stack trace:
#0 C:\Users\LOQ\Music\Peluit - Copy\system\Format\JSONFormatter.php(41): CodeIgniter\Format\Exceptions\FormatException::forInvalidJSON('Type is not sup...')
#1 C:\Users\LOQ\Music\Peluit - Copy\system\API\ResponseTrait.php(341): CodeIgniter\Format\JSONFormatter->format(Array)
#2 C:\Users\LOQ\Music\Peluit - Copy\system\API\ResponseTrait.php(99): CodeIgniter\Debug\Exceptions->format(Array)
#3 C:\Users\LOQ\Music\Peluit - Copy\system\Debug\Exceptions.php(110): CodeIgniter\Debug\Exceptions->respond(Array, 500)
#4 [internal function]: CodeIgniter\Debug\Exceptions->exceptionHandler(Object(ErrorException))
#5 {main}
  thrown
#0 [internal function]: CodeIgniter\Debug\Exceptions->shutdownHandler()
#1 {main}
CRITICAL - 2026-04-22 09:01:23 --> Trying to get property 'id_sub' of non-object
#0 C:\Users\LOQ\Music\Peluit - Copy\app\Controllers\Operator.php(60): CodeIgniter\Debug\Exceptions->errorHandler(8, 'Trying to get p...', 'C:\\Users\\LOQ\\Mu...', 60, Array)
#1 C:\Users\LOQ\Music\Peluit - Copy\system\CodeIgniter.php(824): App\Controllers\Operator->orders_user()
#2 C:\Users\LOQ\Music\Peluit - Copy\system\CodeIgniter.php(410): CodeIgniter\CodeIgniter->runController(Object(App\Controllers\Operator))
#3 C:\Users\LOQ\Music\Peluit - Copy\system\CodeIgniter.php(318): CodeIgniter\CodeIgniter->handleRequest(NULL, Object(Config\Cache), false)
#4 C:\Users\LOQ\Music\Peluit - Copy\public\index.php(37): CodeIgniter\CodeIgniter->run()
#5 C:\Users\LOQ\Music\Peluit - Copy\system\Commands\Server\rewrite.php(43): require_once('C:\\Users\\LOQ\\Mu...')
#6 {main}
CRITICAL - 2026-04-22 09:01:23 --> Uncaught CodeIgniter\Format\Exceptions\FormatException: Failed to parse json string, error: "Type is not supported". in C:\Users\LOQ\Music\Peluit - Copy\system\Format\JSONFormatter.php:41
Stack trace:
#0 C:\Users\LOQ\Music\Peluit - Copy\system\Format\JSONFormatter.php(41): CodeIgniter\Format\Exceptions\FormatException::forInvalidJSON('Type is not sup...')
#1 C:\Users\LOQ\Music\Peluit - Copy\system\API\ResponseTrait.php(341): CodeIgniter\Format\JSONFormatter->format(Array)
#2 C:\Users\LOQ\Music\Peluit - Copy\system\API\ResponseTrait.php(99): CodeIgniter\Debug\Exceptions->format(Array)
#3 C:\Users\LOQ\Music\Peluit - Copy\system\Debug\Exceptions.php(110): CodeIgniter\Debug\Exceptions->respond(Array, 500)
#4 [internal function]: CodeIgniter\Debug\Exceptions->exceptionHandler(Object(ErrorException))
#5 {main}
  thrown
#0 [internal function]: CodeIgniter\Debug\Exceptions->shutdownHandler()
#1 {main}
CRITICAL - 2026-04-22 09:04:04 --> Trying to get property 'gender' of non-object
#0 C:\Users\LOQ\Music\Peluit - Copy\app\Controllers\Operator.php(69): CodeIgniter\Debug\Exceptions->errorHandler(8, 'Trying to get p...', 'C:\\Users\\LOQ\\Mu...', 69, Array)
#1 C:\Users\LOQ\Music\Peluit - Copy\system\CodeIgniter.php(824): App\Controllers\Operator->orders_user()
#2 C:\Users\LOQ\Music\Peluit - Copy\system\CodeIgniter.php(410): CodeIgniter\CodeIgniter->runController(Object(App\Controllers\Operator))
#3 C:\Users\LOQ\Music\Peluit - Copy\system\CodeIgniter.php(318): CodeIgniter\CodeIgniter->handleRequest(NULL, Object(Config\Cache), false)
#4 C:\Users\LOQ\Music\Peluit - Copy\public\index.php(37): CodeIgniter\CodeIgniter->run()
#5 C:\Users\LOQ\Music\Peluit - Copy\system\Commands\Server\rewrite.php(43): require_once('C:\\Users\\LOQ\\Mu...')
#6 {main}
CRITICAL - 2026-04-22 09:04:04 --> Uncaught CodeIgniter\Format\Exceptions\FormatException: Failed to parse json string, error: "Type is not supported". in C:\Users\LOQ\Music\Peluit - Copy\system\Format\JSONFormatter.php:41
Stack trace:
#0 C:\Users\LOQ\Music\Peluit - Copy\system\Format\JSONFormatter.php(41): CodeIgniter\Format\Exceptions\FormatException::forInvalidJSON('Type is not sup...')
#1 C:\Users\LOQ\Music\Peluit - Copy\system\API\ResponseTrait.php(341): CodeIgniter\Format\JSONFormatter->format(Array)
#2 C:\Users\LOQ\Music\Peluit - Copy\system\API\ResponseTrait.php(99): CodeIgniter\Debug\Exceptions->format(Array)
#3 C:\Users\LOQ\Music\Peluit - Copy\system\Debug\Exceptions.php(110): CodeIgniter\Debug\Exceptions->respond(Array, 500)
#4 [internal function]: CodeIgniter\Debug\Exceptions->exceptionHandler(Object(ErrorException))
#5 {main}
  thrown
#0 [internal function]: CodeIgniter\Debug\Exceptions->shutdownHandler()
#1 {main}
