ERROR - 2026-03-04 22:34:30 --> ErrorException: pg_query(): Query failed: ERROR:  column &quot;is_visible&quot; does not exist
LINE 4: AND &quot;is_visible&quot; = 1
            ^ in C:\Users\LOQ\Music\Peluit - Copy\system\Database\Postgre\Connection.php:136
Stack trace:
#0 [internal function]: CodeIgniter\Debug\Exceptions->errorHandler(2, 'pg_query(): Que...', 'C:\\Users\\LOQ\\Mu...', 136, Array)
#1 C:\Users\LOQ\Music\Peluit - Copy\system\Database\Postgre\Connection.php(136): pg_query(Resource id #155, 'SELECT *\nFROM "...')
#2 C:\Users\LOQ\Music\Peluit - Copy\system\Database\BaseConnection.php(670): CodeIgniter\Database\Postgre\Connection->execute('SELECT *\nFROM "...')
#3 C:\Users\LOQ\Music\Peluit - Copy\system\Database\BaseConnection.php(598): CodeIgniter\Database\BaseConnection->simpleQuery('SELECT *\nFROM "...')
#4 C:\Users\LOQ\Music\Peluit - Copy\system\Database\BaseBuilder.php(1443): CodeIgniter\Database\BaseConnection->query('SELECT *\nFROM "...', Array, false)
#5 C:\Users\LOQ\Music\Peluit - Copy\system\Model.php(183): CodeIgniter\Database\BaseBuilder->get()
#6 C:\Users\LOQ\Music\Peluit - Copy\system\BaseModel.php(584): CodeIgniter\Model->doFindAll(0, 0)
#7 C:\Users\LOQ\Music\Peluit - Copy\app\Controllers\Admin.php(934): CodeIgniter\BaseModel->findAll()
#8 C:\Users\LOQ\Music\Peluit - Copy\system\CodeIgniter.php(824): App\Controllers\Admin->get_pelayanan()
#9 C:\Users\LOQ\Music\Peluit - Copy\system\CodeIgniter.php(410): CodeIgniter\CodeIgniter->runController(Object(App\Controllers\Admin))
#10 C:\Users\LOQ\Music\Peluit - Copy\system\CodeIgniter.php(318): CodeIgniter\CodeIgniter->handleRequest(NULL, Object(Config\Cache), false)
#11 C:\Users\LOQ\Music\Peluit - Copy\public\index.php(37): CodeIgniter\CodeIgniter->run()
#12 C:\Users\LOQ\Music\Peluit - Copy\system\Commands\Server\rewrite.php(43): require_once('C:\\Users\\LOQ\\Mu...')
#13 {main}
CRITICAL - 2026-03-04 22:34:30 --> pg_query(): Query failed: ERROR:  column &quot;is_visible&quot; does not exist
LINE 4: AND &quot;is_visible&quot; = 1
            ^
#0 [internal function]: CodeIgniter\Debug\Exceptions->errorHandler(2, 'pg_query(): Que...', 'C:\\Users\\LOQ\\Mu...', 136, Array)
#1 C:\Users\LOQ\Music\Peluit - Copy\system\Database\Postgre\Connection.php(136): pg_query(Resource id #155, 'SELECT *\nFROM "...')
#2 C:\Users\LOQ\Music\Peluit - Copy\system\Database\BaseConnection.php(670): CodeIgniter\Database\Postgre\Connection->execute('SELECT *\nFROM "...')
#3 C:\Users\LOQ\Music\Peluit - Copy\system\Database\BaseConnection.php(598): CodeIgniter\Database\BaseConnection->simpleQuery('SELECT *\nFROM "...')
#4 C:\Users\LOQ\Music\Peluit - Copy\system\Database\BaseBuilder.php(1443): CodeIgniter\Database\BaseConnection->query('SELECT *\nFROM "...', Array, false)
#5 C:\Users\LOQ\Music\Peluit - Copy\system\Model.php(183): CodeIgniter\Database\BaseBuilder->get()
#6 C:\Users\LOQ\Music\Peluit - Copy\system\BaseModel.php(584): CodeIgniter\Model->doFindAll(0, 0)
#7 C:\Users\LOQ\Music\Peluit - Copy\app\Controllers\Admin.php(934): CodeIgniter\BaseModel->findAll()
#8 C:\Users\LOQ\Music\Peluit - Copy\system\CodeIgniter.php(824): App\Controllers\Admin->get_pelayanan()
#9 C:\Users\LOQ\Music\Peluit - Copy\system\CodeIgniter.php(410): CodeIgniter\CodeIgniter->runController(Object(App\Controllers\Admin))
#10 C:\Users\LOQ\Music\Peluit - Copy\system\CodeIgniter.php(318): CodeIgniter\CodeIgniter->handleRequest(NULL, Object(Config\Cache), false)
#11 C:\Users\LOQ\Music\Peluit - Copy\public\index.php(37): CodeIgniter\CodeIgniter->run()
#12 C:\Users\LOQ\Music\Peluit - Copy\system\Commands\Server\rewrite.php(43): require_once('C:\\Users\\LOQ\\Mu...')
#13 {main}
CRITICAL - 2026-03-04 22:34:30 --> Uncaught CodeIgniter\Format\Exceptions\FormatException: Failed to parse json string, error: "Type is not supported". in C:\Users\LOQ\Music\Peluit - Copy\system\Format\JSONFormatter.php:41
Stack trace:
#0 C:\Users\LOQ\Music\Peluit - Copy\system\Format\JSONFormatter.php(41): CodeIgniter\Format\Exceptions\FormatException::forInvalidJSON('Type is not sup...')
#1 C:\Users\LOQ\Music\Peluit - Copy\system\API\ResponseTrait.php(341): CodeIgniter\Format\JSONFormatter->format(Array)
#2 C:\Users\LOQ\Music\Peluit - Copy\system\API\ResponseTrait.php(99): CodeIgniter\Debug\Exceptions->format(Array)
#3 C:\Users\LOQ\Music\Peluit - Copy\system\Debug\Exceptions.php(110): CodeIgniter\Debug\Exceptions->respond(Array, 500)
#4 [internal function]: CodeIgniter\Debug\Exceptions->exceptionHandler(Object(ErrorException))
#5 {main}
  thrown
#0 [internal function]: CodeIgniter\Debug\Exceptions->shutdownHandler()
#1 {main}
ERROR - 2026-03-04 22:34:47 --> ErrorException: pg_query(): Query failed: ERROR:  column &quot;is_visible&quot; does not exist
LINE 4: AND &quot;is_visible&quot; = 1
            ^ in C:\Users\LOQ\Music\Peluit - Copy\system\Database\Postgre\Connection.php:136
Stack trace:
#0 [internal function]: CodeIgniter\Debug\Exceptions->errorHandler(2, 'pg_query(): Que...', 'C:\\Users\\LOQ\\Mu...', 136, Array)
#1 C:\Users\LOQ\Music\Peluit - Copy\system\Database\Postgre\Connection.php(136): pg_query(Resource id #155, 'SELECT *\nFROM "...')
#2 C:\Users\LOQ\Music\Peluit - Copy\system\Database\BaseConnection.php(670): CodeIgniter\Database\Postgre\Connection->execute('SELECT *\nFROM "...')
#3 C:\Users\LOQ\Music\Peluit - Copy\system\Database\BaseConnection.php(598): CodeIgniter\Database\BaseConnection->simpleQuery('SELECT *\nFROM "...')
#4 C:\Users\LOQ\Music\Peluit - Copy\system\Database\BaseBuilder.php(1443): CodeIgniter\Database\BaseConnection->query('SELECT *\nFROM "...', Array, false)
#5 C:\Users\LOQ\Music\Peluit - Copy\system\Model.php(183): CodeIgniter\Database\BaseBuilder->get()
#6 C:\Users\LOQ\Music\Peluit - Copy\system\BaseModel.php(584): CodeIgniter\Model->doFindAll(0, 0)
#7 C:\Users\LOQ\Music\Peluit - Copy\app\Controllers\Admin.php(934): CodeIgniter\BaseModel->findAll()
#8 C:\Users\LOQ\Music\Peluit - Copy\system\CodeIgniter.php(824): App\Controllers\Admin->get_pelayanan()
#9 C:\Users\LOQ\Music\Peluit - Copy\system\CodeIgniter.php(410): CodeIgniter\CodeIgniter->runController(Object(App\Controllers\Admin))
#10 C:\Users\LOQ\Music\Peluit - Copy\system\CodeIgniter.php(318): CodeIgniter\CodeIgniter->handleRequest(NULL, Object(Config\Cache), false)
#11 C:\Users\LOQ\Music\Peluit - Copy\public\index.php(37): CodeIgniter\CodeIgniter->run()
#12 C:\Users\LOQ\Music\Peluit - Copy\system\Commands\Server\rewrite.php(43): require_once('C:\\Users\\LOQ\\Mu...')
#13 {main}
CRITICAL - 2026-03-04 22:34:47 --> pg_query(): Query failed: ERROR:  column &quot;is_visible&quot; does not exist
LINE 4: AND &quot;is_visible&quot; = 1
            ^
#0 [internal function]: CodeIgniter\Debug\Exceptions->errorHandler(2, 'pg_query(): Que...', 'C:\\Users\\LOQ\\Mu...', 136, Array)
#1 C:\Users\LOQ\Music\Peluit - Copy\system\Database\Postgre\Connection.php(136): pg_query(Resource id #155, 'SELECT *\nFROM "...')
#2 C:\Users\LOQ\Music\Peluit - Copy\system\Database\BaseConnection.php(670): CodeIgniter\Database\Postgre\Connection->execute('SELECT *\nFROM "...')
#3 C:\Users\LOQ\Music\Peluit - Copy\system\Database\BaseConnection.php(598): CodeIgniter\Database\BaseConnection->simpleQuery('SELECT *\nFROM "...')
#4 C:\Users\LOQ\Music\Peluit - Copy\system\Database\BaseBuilder.php(1443): CodeIgniter\Database\BaseConnection->query('SELECT *\nFROM "...', Array, false)
#5 C:\Users\LOQ\Music\Peluit - Copy\system\Model.php(183): CodeIgniter\Database\BaseBuilder->get()
#6 C:\Users\LOQ\Music\Peluit - Copy\system\BaseModel.php(584): CodeIgniter\Model->doFindAll(0, 0)
#7 C:\Users\LOQ\Music\Peluit - Copy\app\Controllers\Admin.php(934): CodeIgniter\BaseModel->findAll()
#8 C:\Users\LOQ\Music\Peluit - Copy\system\CodeIgniter.php(824): App\Controllers\Admin->get_pelayanan()
#9 C:\Users\LOQ\Music\Peluit - Copy\system\CodeIgniter.php(410): CodeIgniter\CodeIgniter->runController(Object(App\Controllers\Admin))
#10 C:\Users\LOQ\Music\Peluit - Copy\system\CodeIgniter.php(318): CodeIgniter\CodeIgniter->handleRequest(NULL, Object(Config\Cache), false)
#11 C:\Users\LOQ\Music\Peluit - Copy\public\index.php(37): CodeIgniter\CodeIgniter->run()
#12 C:\Users\LOQ\Music\Peluit - Copy\system\Commands\Server\rewrite.php(43): require_once('C:\\Users\\LOQ\\Mu...')
#13 {main}
CRITICAL - 2026-03-04 22:34:47 --> Uncaught CodeIgniter\Format\Exceptions\FormatException: Failed to parse json string, error: "Type is not supported". in C:\Users\LOQ\Music\Peluit - Copy\system\Format\JSONFormatter.php:41
Stack trace:
#0 C:\Users\LOQ\Music\Peluit - Copy\system\Format\JSONFormatter.php(41): CodeIgniter\Format\Exceptions\FormatException::forInvalidJSON('Type is not sup...')
#1 C:\Users\LOQ\Music\Peluit - Copy\system\API\ResponseTrait.php(341): CodeIgniter\Format\JSONFormatter->format(Array)
#2 C:\Users\LOQ\Music\Peluit - Copy\system\API\ResponseTrait.php(99): CodeIgniter\Debug\Exceptions->format(Array)
#3 C:\Users\LOQ\Music\Peluit - Copy\system\Debug\Exceptions.php(110): CodeIgniter\Debug\Exceptions->respond(Array, 500)
#4 [internal function]: CodeIgniter\Debug\Exceptions->exceptionHandler(Object(ErrorException))
#5 {main}
  thrown
#0 [internal function]: CodeIgniter\Debug\Exceptions->shutdownHandler()
#1 {main}
