ERROR - 2026-04-01 17:52:31 --> ErrorException: pg_query(): Query failed: ERROR:  column ssuser.id_chat does not exist
LINE 1: SELECT &quot;ssuser&quot;.&quot;id_chat&quot;
               ^ in C:\Users\LOQ\Music\Peluit - Copy\system\Database\Postgre\Connection.php:136
Stack trace:
#0 [internal function]: CodeIgniter\Debug\Exceptions->errorHandler(2, 'pg_query(): Que...', 'C:\\Users\\LOQ\\Mu...', 136, Array)
#1 C:\Users\LOQ\Music\Peluit - Copy\system\Database\Postgre\Connection.php(136): pg_query(Resource id #156, 'SELECT "ssuser"...')
#2 C:\Users\LOQ\Music\Peluit - Copy\system\Database\BaseConnection.php(670): CodeIgniter\Database\Postgre\Connection->execute('SELECT "ssuser"...')
#3 C:\Users\LOQ\Music\Peluit - Copy\system\Database\BaseConnection.php(598): CodeIgniter\Database\BaseConnection->simpleQuery('SELECT "ssuser"...')
#4 C:\Users\LOQ\Music\Peluit - Copy\system\Database\BaseBuilder.php(1443): CodeIgniter\Database\BaseConnection->query('SELECT "ssuser"...', Array, false)
#5 C:\Users\LOQ\Music\Peluit - Copy\app\Controllers\Form.php(1208): CodeIgniter\Database\BaseBuilder->get()
#6 C:\Users\LOQ\Music\Peluit - Copy\app\Controllers\Form.php(243): App\Controllers\Form->notification('17')
#7 C:\Users\LOQ\Music\Peluit - Copy\system\CodeIgniter.php(824): App\Controllers\Form->submit_dynamic('coba')
#8 C:\Users\LOQ\Music\Peluit - Copy\system\CodeIgniter.php(410): CodeIgniter\CodeIgniter->runController(Object(App\Controllers\Form))
#9 C:\Users\LOQ\Music\Peluit - Copy\system\CodeIgniter.php(318): CodeIgniter\CodeIgniter->handleRequest(NULL, Object(Config\Cache), false)
#10 C:\Users\LOQ\Music\Peluit - Copy\public\index.php(37): CodeIgniter\CodeIgniter->run()
#11 C:\Users\LOQ\Music\Peluit - Copy\system\Commands\Server\rewrite.php(43): require_once('C:\\Users\\LOQ\\Mu...')
#12 {main}
CRITICAL - 2026-04-01 17:52:31 --> pg_query(): Query failed: ERROR:  column ssuser.id_chat does not exist
LINE 1: SELECT &quot;ssuser&quot;.&quot;id_chat&quot;
               ^
#0 [internal function]: CodeIgniter\Debug\Exceptions->errorHandler(2, 'pg_query(): Que...', 'C:\\Users\\LOQ\\Mu...', 136, Array)
#1 C:\Users\LOQ\Music\Peluit - Copy\system\Database\Postgre\Connection.php(136): pg_query(Resource id #156, 'SELECT "ssuser"...')
#2 C:\Users\LOQ\Music\Peluit - Copy\system\Database\BaseConnection.php(670): CodeIgniter\Database\Postgre\Connection->execute('SELECT "ssuser"...')
#3 C:\Users\LOQ\Music\Peluit - Copy\system\Database\BaseConnection.php(598): CodeIgniter\Database\BaseConnection->simpleQuery('SELECT "ssuser"...')
#4 C:\Users\LOQ\Music\Peluit - Copy\system\Database\BaseBuilder.php(1443): CodeIgniter\Database\BaseConnection->query('SELECT "ssuser"...', Array, false)
#5 C:\Users\LOQ\Music\Peluit - Copy\app\Controllers\Form.php(1208): CodeIgniter\Database\BaseBuilder->get()
#6 C:\Users\LOQ\Music\Peluit - Copy\app\Controllers\Form.php(243): App\Controllers\Form->notification('17')
#7 C:\Users\LOQ\Music\Peluit - Copy\system\CodeIgniter.php(824): App\Controllers\Form->submit_dynamic('coba')
#8 C:\Users\LOQ\Music\Peluit - Copy\system\CodeIgniter.php(410): CodeIgniter\CodeIgniter->runController(Object(App\Controllers\Form))
#9 C:\Users\LOQ\Music\Peluit - Copy\system\CodeIgniter.php(318): CodeIgniter\CodeIgniter->handleRequest(NULL, Object(Config\Cache), false)
#10 C:\Users\LOQ\Music\Peluit - Copy\public\index.php(37): CodeIgniter\CodeIgniter->run()
#11 C:\Users\LOQ\Music\Peluit - Copy\system\Commands\Server\rewrite.php(43): require_once('C:\\Users\\LOQ\\Mu...')
#12 {main}
CRITICAL - 2026-04-01 17:52:31 --> Uncaught CodeIgniter\Format\Exceptions\FormatException: Failed to parse json string, error: "Type is not supported". in C:\Users\LOQ\Music\Peluit - Copy\system\Format\JSONFormatter.php:41
Stack trace:
#0 C:\Users\LOQ\Music\Peluit - Copy\system\Format\JSONFormatter.php(41): CodeIgniter\Format\Exceptions\FormatException::forInvalidJSON('Type is not sup...')
#1 C:\Users\LOQ\Music\Peluit - Copy\system\API\ResponseTrait.php(341): CodeIgniter\Format\JSONFormatter->format(Array)
#2 C:\Users\LOQ\Music\Peluit - Copy\system\API\ResponseTrait.php(99): CodeIgniter\Debug\Exceptions->format(Array)
#3 C:\Users\LOQ\Music\Peluit - Copy\system\Debug\Exceptions.php(110): CodeIgniter\Debug\Exceptions->respond(Array, 500)
#4 [internal function]: CodeIgniter\Debug\Exceptions->exceptionHandler(Object(ErrorException))
#5 {main}
  thrown
#0 [internal function]: CodeIgniter\Debug\Exceptions->shutdownHandler()
#1 {main}
