ERROR - 2026-04-06 00:26:38 --> Email: sendWithSmtp throwed fsockopen(): unable to connect to smtp.gmail.com:587 (A connection attempt failed because the connected party did not properly respond after a period of time, or established connection failed because connected host has failed to respond.
)
ERROR - 2026-04-06 00:27:03 --> Email: sendWithSmtp throwed fsockopen(): unable to connect to smtp.gmail.com:587 (A connection attempt failed because the connected party did not properly respond after a period of time, or established connection failed because connected host has failed to respond.
)
ERROR - 2026-04-06 00:33:06 --> ErrorException: pg_query(): Query failed: ERROR:  column ssuser.id_chat does not exist
LINE 1: SELECT &quot;ssuser&quot;.&quot;id_chat&quot;
               ^ in C:\Users\LOQ\Music\Peluit - Copy\system\Database\Postgre\Connection.php:136
Stack trace:
#0 [internal function]: CodeIgniter\Debug\Exceptions->errorHandler(2, 'pg_query(): Que...', 'C:\\Users\\LOQ\\Mu...', 136, Array)
#1 C:\Users\LOQ\Music\Peluit - Copy\system\Database\Postgre\Connection.php(136): pg_query(Resource id #156, 'SELECT "ssuser"...')
#2 C:\Users\LOQ\Music\Peluit - Copy\system\Database\BaseConnection.php(670): CodeIgniter\Database\Postgre\Connection->execute('SELECT "ssuser"...')
#3 C:\Users\LOQ\Music\Peluit - Copy\system\Database\BaseConnection.php(598): CodeIgniter\Database\BaseConnection->simpleQuery('SELECT "ssuser"...')
#4 C:\Users\LOQ\Music\Peluit - Copy\system\Database\BaseBuilder.php(1443): CodeIgniter\Database\BaseConnection->query('SELECT "ssuser"...', Array, false)
#5 C:\Users\LOQ\Music\Peluit - Copy\app\Controllers\Form.php(1199): CodeIgniter\Database\BaseBuilder->get()
#6 C:\Users\LOQ\Music\Peluit - Copy\app\Controllers\Form.php(542): App\Controllers\Form->notification(6)
#7 C:\Users\LOQ\Music\Peluit - Copy\system\CodeIgniter.php(824): App\Controllers\Form->add_aula()
#8 C:\Users\LOQ\Music\Peluit - Copy\system\CodeIgniter.php(410): CodeIgniter\CodeIgniter->runController(Object(App\Controllers\Form))
#9 C:\Users\LOQ\Music\Peluit - Copy\system\CodeIgniter.php(318): CodeIgniter\CodeIgniter->handleRequest(NULL, Object(Config\Cache), false)
#10 C:\Users\LOQ\Music\Peluit - Copy\public\index.php(37): CodeIgniter\CodeIgniter->run()
#11 C:\Users\LOQ\Music\Peluit - Copy\system\Commands\Server\rewrite.php(43): require_once('C:\\Users\\LOQ\\Mu...')
#12 {main}
CRITICAL - 2026-04-06 00:33:06 --> pg_query(): Query failed: ERROR:  column ssuser.id_chat does not exist
LINE 1: SELECT &quot;ssuser&quot;.&quot;id_chat&quot;
               ^
#0 [internal function]: CodeIgniter\Debug\Exceptions->errorHandler(2, 'pg_query(): Que...', 'C:\\Users\\LOQ\\Mu...', 136, Array)
#1 C:\Users\LOQ\Music\Peluit - Copy\system\Database\Postgre\Connection.php(136): pg_query(Resource id #156, 'SELECT "ssuser"...')
#2 C:\Users\LOQ\Music\Peluit - Copy\system\Database\BaseConnection.php(670): CodeIgniter\Database\Postgre\Connection->execute('SELECT "ssuser"...')
#3 C:\Users\LOQ\Music\Peluit - Copy\system\Database\BaseConnection.php(598): CodeIgniter\Database\BaseConnection->simpleQuery('SELECT "ssuser"...')
#4 C:\Users\LOQ\Music\Peluit - Copy\system\Database\BaseBuilder.php(1443): CodeIgniter\Database\BaseConnection->query('SELECT "ssuser"...', Array, false)
#5 C:\Users\LOQ\Music\Peluit - Copy\app\Controllers\Form.php(1199): CodeIgniter\Database\BaseBuilder->get()
#6 C:\Users\LOQ\Music\Peluit - Copy\app\Controllers\Form.php(542): App\Controllers\Form->notification(6)
#7 C:\Users\LOQ\Music\Peluit - Copy\system\CodeIgniter.php(824): App\Controllers\Form->add_aula()
#8 C:\Users\LOQ\Music\Peluit - Copy\system\CodeIgniter.php(410): CodeIgniter\CodeIgniter->runController(Object(App\Controllers\Form))
#9 C:\Users\LOQ\Music\Peluit - Copy\system\CodeIgniter.php(318): CodeIgniter\CodeIgniter->handleRequest(NULL, Object(Config\Cache), false)
#10 C:\Users\LOQ\Music\Peluit - Copy\public\index.php(37): CodeIgniter\CodeIgniter->run()
#11 C:\Users\LOQ\Music\Peluit - Copy\system\Commands\Server\rewrite.php(43): require_once('C:\\Users\\LOQ\\Mu...')
#12 {main}
CRITICAL - 2026-04-06 00:33:06 --> Uncaught CodeIgniter\Format\Exceptions\FormatException: Failed to parse json string, error: "Type is not supported". in C:\Users\LOQ\Music\Peluit - Copy\system\Format\JSONFormatter.php:41
Stack trace:
#0 C:\Users\LOQ\Music\Peluit - Copy\system\Format\JSONFormatter.php(41): CodeIgniter\Format\Exceptions\FormatException::forInvalidJSON('Type is not sup...')
#1 C:\Users\LOQ\Music\Peluit - Copy\system\API\ResponseTrait.php(341): CodeIgniter\Format\JSONFormatter->format(Array)
#2 C:\Users\LOQ\Music\Peluit - Copy\system\API\ResponseTrait.php(99): CodeIgniter\Debug\Exceptions->format(Array)
#3 C:\Users\LOQ\Music\Peluit - Copy\system\Debug\Exceptions.php(110): CodeIgniter\Debug\Exceptions->respond(Array, 500)
#4 [internal function]: CodeIgniter\Debug\Exceptions->exceptionHandler(Object(ErrorException))
#5 {main}
  thrown
#0 [internal function]: CodeIgniter\Debug\Exceptions->shutdownHandler()
#1 {main}
ERROR - 2026-04-06 00:46:19 --> ErrorException: pg_query(): Query failed: ERROR:  column ssuser.id_chat does not exist
LINE 1: SELECT &quot;ssuser&quot;.&quot;id_chat&quot;
               ^ in C:\Users\LOQ\Music\Peluit - Copy\system\Database\Postgre\Connection.php:136
Stack trace:
#0 [internal function]: CodeIgniter\Debug\Exceptions->errorHandler(2, 'pg_query(): Que...', 'C:\\Users\\LOQ\\Mu...', 136, Array)
#1 C:\Users\LOQ\Music\Peluit - Copy\system\Database\Postgre\Connection.php(136): pg_query(Resource id #156, 'SELECT "ssuser"...')
#2 C:\Users\LOQ\Music\Peluit - Copy\system\Database\BaseConnection.php(670): CodeIgniter\Database\Postgre\Connection->execute('SELECT "ssuser"...')
#3 C:\Users\LOQ\Music\Peluit - Copy\system\Database\BaseConnection.php(598): CodeIgniter\Database\BaseConnection->simpleQuery('SELECT "ssuser"...')
#4 C:\Users\LOQ\Music\Peluit - Copy\system\Database\BaseBuilder.php(1443): CodeIgniter\Database\BaseConnection->query('SELECT "ssuser"...', Array, false)
#5 C:\Users\LOQ\Music\Peluit - Copy\app\Controllers\Form.php(1208): CodeIgniter\Database\BaseBuilder->get()
#6 C:\Users\LOQ\Music\Peluit - Copy\app\Controllers\Form.php(243): App\Controllers\Form->notification('18')
#7 C:\Users\LOQ\Music\Peluit - Copy\system\CodeIgniter.php(824): App\Controllers\Form->submit_dynamic('coba')
#8 C:\Users\LOQ\Music\Peluit - Copy\system\CodeIgniter.php(410): CodeIgniter\CodeIgniter->runController(Object(App\Controllers\Form))
#9 C:\Users\LOQ\Music\Peluit - Copy\system\CodeIgniter.php(318): CodeIgniter\CodeIgniter->handleRequest(NULL, Object(Config\Cache), false)
#10 C:\Users\LOQ\Music\Peluit - Copy\public\index.php(37): CodeIgniter\CodeIgniter->run()
#11 C:\Users\LOQ\Music\Peluit - Copy\system\Commands\Server\rewrite.php(43): require_once('C:\\Users\\LOQ\\Mu...')
#12 {main}
CRITICAL - 2026-04-06 00:46:19 --> pg_query(): Query failed: ERROR:  column ssuser.id_chat does not exist
LINE 1: SELECT &quot;ssuser&quot;.&quot;id_chat&quot;
               ^
#0 [internal function]: CodeIgniter\Debug\Exceptions->errorHandler(2, 'pg_query(): Que...', 'C:\\Users\\LOQ\\Mu...', 136, Array)
#1 C:\Users\LOQ\Music\Peluit - Copy\system\Database\Postgre\Connection.php(136): pg_query(Resource id #156, 'SELECT "ssuser"...')
#2 C:\Users\LOQ\Music\Peluit - Copy\system\Database\BaseConnection.php(670): CodeIgniter\Database\Postgre\Connection->execute('SELECT "ssuser"...')
#3 C:\Users\LOQ\Music\Peluit - Copy\system\Database\BaseConnection.php(598): CodeIgniter\Database\BaseConnection->simpleQuery('SELECT "ssuser"...')
#4 C:\Users\LOQ\Music\Peluit - Copy\system\Database\BaseBuilder.php(1443): CodeIgniter\Database\BaseConnection->query('SELECT "ssuser"...', Array, false)
#5 C:\Users\LOQ\Music\Peluit - Copy\app\Controllers\Form.php(1208): CodeIgniter\Database\BaseBuilder->get()
#6 C:\Users\LOQ\Music\Peluit - Copy\app\Controllers\Form.php(243): App\Controllers\Form->notification('18')
#7 C:\Users\LOQ\Music\Peluit - Copy\system\CodeIgniter.php(824): App\Controllers\Form->submit_dynamic('coba')
#8 C:\Users\LOQ\Music\Peluit - Copy\system\CodeIgniter.php(410): CodeIgniter\CodeIgniter->runController(Object(App\Controllers\Form))
#9 C:\Users\LOQ\Music\Peluit - Copy\system\CodeIgniter.php(318): CodeIgniter\CodeIgniter->handleRequest(NULL, Object(Config\Cache), false)
#10 C:\Users\LOQ\Music\Peluit - Copy\public\index.php(37): CodeIgniter\CodeIgniter->run()
#11 C:\Users\LOQ\Music\Peluit - Copy\system\Commands\Server\rewrite.php(43): require_once('C:\\Users\\LOQ\\Mu...')
#12 {main}
CRITICAL - 2026-04-06 00:46:19 --> Uncaught CodeIgniter\Format\Exceptions\FormatException: Failed to parse json string, error: "Type is not supported". in C:\Users\LOQ\Music\Peluit - Copy\system\Format\JSONFormatter.php:41
Stack trace:
#0 C:\Users\LOQ\Music\Peluit - Copy\system\Format\JSONFormatter.php(41): CodeIgniter\Format\Exceptions\FormatException::forInvalidJSON('Type is not sup...')
#1 C:\Users\LOQ\Music\Peluit - Copy\system\API\ResponseTrait.php(341): CodeIgniter\Format\JSONFormatter->format(Array)
#2 C:\Users\LOQ\Music\Peluit - Copy\system\API\ResponseTrait.php(99): CodeIgniter\Debug\Exceptions->format(Array)
#3 C:\Users\LOQ\Music\Peluit - Copy\system\Debug\Exceptions.php(110): CodeIgniter\Debug\Exceptions->respond(Array, 500)
#4 [internal function]: CodeIgniter\Debug\Exceptions->exceptionHandler(Object(ErrorException))
#5 {main}
  thrown
#0 [internal function]: CodeIgniter\Debug\Exceptions->shutdownHandler()
#1 {main}
ERROR - 2026-04-06 00:47:00 --> Email: sendWithSmtp throwed fsockopen(): unable to connect to smtp.gmail.com:587 (A connection attempt failed because the connected party did not properly respond after a period of time, or established connection failed because connected host has failed to respond.
)
ERROR - 2026-04-06 00:47:42 --> ErrorException: pg_query(): Query failed: ERROR:  column ssuser.id_chat does not exist
LINE 1: SELECT &quot;ssuser&quot;.&quot;id_chat&quot;
               ^ in C:\Users\LOQ\Music\Peluit - Copy\system\Database\Postgre\Connection.php:136
Stack trace:
#0 [internal function]: CodeIgniter\Debug\Exceptions->errorHandler(2, 'pg_query(): Que...', 'C:\\Users\\LOQ\\Mu...', 136, Array)
#1 C:\Users\LOQ\Music\Peluit - Copy\system\Database\Postgre\Connection.php(136): pg_query(Resource id #156, 'SELECT "ssuser"...')
#2 C:\Users\LOQ\Music\Peluit - Copy\system\Database\BaseConnection.php(670): CodeIgniter\Database\Postgre\Connection->execute('SELECT "ssuser"...')
#3 C:\Users\LOQ\Music\Peluit - Copy\system\Database\BaseConnection.php(598): CodeIgniter\Database\BaseConnection->simpleQuery('SELECT "ssuser"...')
#4 C:\Users\LOQ\Music\Peluit - Copy\system\Database\BaseBuilder.php(1443): CodeIgniter\Database\BaseConnection->query('SELECT "ssuser"...', Array, false)
#5 C:\Users\LOQ\Music\Peluit - Copy\app\Controllers\Form.php(1208): CodeIgniter\Database\BaseBuilder->get()
#6 C:\Users\LOQ\Music\Peluit - Copy\app\Controllers\Form.php(243): App\Controllers\Form->notification('18')
#7 C:\Users\LOQ\Music\Peluit - Copy\system\CodeIgniter.php(824): App\Controllers\Form->submit_dynamic('coba')
#8 C:\Users\LOQ\Music\Peluit - Copy\system\CodeIgniter.php(410): CodeIgniter\CodeIgniter->runController(Object(App\Controllers\Form))
#9 C:\Users\LOQ\Music\Peluit - Copy\system\CodeIgniter.php(318): CodeIgniter\CodeIgniter->handleRequest(NULL, Object(Config\Cache), false)
#10 C:\Users\LOQ\Music\Peluit - Copy\public\index.php(37): CodeIgniter\CodeIgniter->run()
#11 C:\Users\LOQ\Music\Peluit - Copy\system\Commands\Server\rewrite.php(43): require_once('C:\\Users\\LOQ\\Mu...')
#12 {main}
CRITICAL - 2026-04-06 00:47:42 --> pg_query(): Query failed: ERROR:  column ssuser.id_chat does not exist
LINE 1: SELECT &quot;ssuser&quot;.&quot;id_chat&quot;
               ^
#0 [internal function]: CodeIgniter\Debug\Exceptions->errorHandler(2, 'pg_query(): Que...', 'C:\\Users\\LOQ\\Mu...', 136, Array)
#1 C:\Users\LOQ\Music\Peluit - Copy\system\Database\Postgre\Connection.php(136): pg_query(Resource id #156, 'SELECT "ssuser"...')
#2 C:\Users\LOQ\Music\Peluit - Copy\system\Database\BaseConnection.php(670): CodeIgniter\Database\Postgre\Connection->execute('SELECT "ssuser"...')
#3 C:\Users\LOQ\Music\Peluit - Copy\system\Database\BaseConnection.php(598): CodeIgniter\Database\BaseConnection->simpleQuery('SELECT "ssuser"...')
#4 C:\Users\LOQ\Music\Peluit - Copy\system\Database\BaseBuilder.php(1443): CodeIgniter\Database\BaseConnection->query('SELECT "ssuser"...', Array, false)
#5 C:\Users\LOQ\Music\Peluit - Copy\app\Controllers\Form.php(1208): CodeIgniter\Database\BaseBuilder->get()
#6 C:\Users\LOQ\Music\Peluit - Copy\app\Controllers\Form.php(243): App\Controllers\Form->notification('18')
#7 C:\Users\LOQ\Music\Peluit - Copy\system\CodeIgniter.php(824): App\Controllers\Form->submit_dynamic('coba')
#8 C:\Users\LOQ\Music\Peluit - Copy\system\CodeIgniter.php(410): CodeIgniter\CodeIgniter->runController(Object(App\Controllers\Form))
#9 C:\Users\LOQ\Music\Peluit - Copy\system\CodeIgniter.php(318): CodeIgniter\CodeIgniter->handleRequest(NULL, Object(Config\Cache), false)
#10 C:\Users\LOQ\Music\Peluit - Copy\public\index.php(37): CodeIgniter\CodeIgniter->run()
#11 C:\Users\LOQ\Music\Peluit - Copy\system\Commands\Server\rewrite.php(43): require_once('C:\\Users\\LOQ\\Mu...')
#12 {main}
CRITICAL - 2026-04-06 00:47:42 --> Uncaught CodeIgniter\Format\Exceptions\FormatException: Failed to parse json string, error: "Type is not supported". in C:\Users\LOQ\Music\Peluit - Copy\system\Format\JSONFormatter.php:41
Stack trace:
#0 C:\Users\LOQ\Music\Peluit - Copy\system\Format\JSONFormatter.php(41): CodeIgniter\Format\Exceptions\FormatException::forInvalidJSON('Type is not sup...')
#1 C:\Users\LOQ\Music\Peluit - Copy\system\API\ResponseTrait.php(341): CodeIgniter\Format\JSONFormatter->format(Array)
#2 C:\Users\LOQ\Music\Peluit - Copy\system\API\ResponseTrait.php(99): CodeIgniter\Debug\Exceptions->format(Array)
#3 C:\Users\LOQ\Music\Peluit - Copy\system\Debug\Exceptions.php(110): CodeIgniter\Debug\Exceptions->respond(Array, 500)
#4 [internal function]: CodeIgniter\Debug\Exceptions->exceptionHandler(Object(ErrorException))
#5 {main}
  thrown
#0 [internal function]: CodeIgniter\Debug\Exceptions->shutdownHandler()
#1 {main}
ERROR - 2026-04-06 00:52:37 --> Email: sendWithSmtp throwed fsockopen(): unable to connect to smtp.gmail.com:587 (A connection attempt failed because the connected party did not properly respond after a period of time, or established connection failed because connected host has failed to respond.
)
ERROR - 2026-04-06 01:02:53 --> ErrorException: pg_query(): Query failed: ERROR:  column ssuser.id_chat does not exist
LINE 1: SELECT &quot;ssuser&quot;.&quot;id_chat&quot;
               ^ in C:\Users\LOQ\Music\Peluit - Copy\system\Database\Postgre\Connection.php:136
Stack trace:
#0 [internal function]: CodeIgniter\Debug\Exceptions->errorHandler(2, 'pg_query(): Que...', 'C:\\Users\\LOQ\\Mu...', 136, Array)
#1 C:\Users\LOQ\Music\Peluit - Copy\system\Database\Postgre\Connection.php(136): pg_query(Resource id #156, 'SELECT "ssuser"...')
#2 C:\Users\LOQ\Music\Peluit - Copy\system\Database\BaseConnection.php(670): CodeIgniter\Database\Postgre\Connection->execute('SELECT "ssuser"...')
#3 C:\Users\LOQ\Music\Peluit - Copy\system\Database\BaseConnection.php(598): CodeIgniter\Database\BaseConnection->simpleQuery('SELECT "ssuser"...')
#4 C:\Users\LOQ\Music\Peluit - Copy\system\Database\BaseBuilder.php(1443): CodeIgniter\Database\BaseConnection->query('SELECT "ssuser"...', Array, false)
#5 C:\Users\LOQ\Music\Peluit - Copy\app\Controllers\Form.php(1243): CodeIgniter\Database\BaseBuilder->get()
#6 C:\Users\LOQ\Music\Peluit - Copy\app\Controllers\Form.php(284): App\Controllers\Form->notification('18')
#7 C:\Users\LOQ\Music\Peluit - Copy\system\CodeIgniter.php(824): App\Controllers\Form->submit_dynamic('coba')
#8 C:\Users\LOQ\Music\Peluit - Copy\system\CodeIgniter.php(410): CodeIgniter\CodeIgniter->runController(Object(App\Controllers\Form))
#9 C:\Users\LOQ\Music\Peluit - Copy\system\CodeIgniter.php(318): CodeIgniter\CodeIgniter->handleRequest(NULL, Object(Config\Cache), false)
#10 C:\Users\LOQ\Music\Peluit - Copy\public\index.php(37): CodeIgniter\CodeIgniter->run()
#11 C:\Users\LOQ\Music\Peluit - Copy\system\Commands\Server\rewrite.php(43): require_once('C:\\Users\\LOQ\\Mu...')
#12 {main}
ERROR - 2026-04-06 01:02:53 --> Notif submit_dynamic gagal: pg_query(): Query failed: ERROR:  column ssuser.id_chat does not exist
LINE 1: SELECT &quot;ssuser&quot;.&quot;id_chat&quot;
               ^
ERROR - 2026-04-06 09:32:19 --> Email: sendWithSmtp throwed fsockopen(): unable to connect to smtp.gmail.com:587 (A connection attempt failed because the connected party did not properly respond after a period of time, or established connection failed because connected host has failed to respond.
)
ERROR - 2026-04-06 09:32:54 --> Email: sendWithSmtp throwed fsockopen(): unable to connect to smtp.gmail.com:587 (A connection attempt failed because the connected party did not properly respond after a period of time, or established connection failed because connected host has failed to respond.
)
ERROR - 2026-04-06 09:41:43 --> ErrorException: pg_query(): Query failed: ERROR:  relation &quot;tb_tiket_hosting&quot; does not exist
LINE 1: INSERT INTO &quot;tb_tiket_hosting&quot; (&quot;id_tiket&quot;, &quot;nama_aplikasi&quot;,...
                    ^ in C:\Users\LOQ\Music\Peluit - Copy\system\Database\Postgre\Connection.php:136
Stack trace:
#0 [internal function]: CodeIgniter\Debug\Exceptions->errorHandler(2, 'pg_query(): Que...', 'C:\\Users\\LOQ\\Mu...', 136, Array)
#1 C:\Users\LOQ\Music\Peluit - Copy\system\Database\Postgre\Connection.php(136): pg_query(Resource id #156, 'INSERT INTO "tb...')
#2 C:\Users\LOQ\Music\Peluit - Copy\system\Database\BaseConnection.php(670): CodeIgniter\Database\Postgre\Connection->execute('INSERT INTO "tb...')
#3 C:\Users\LOQ\Music\Peluit - Copy\system\Database\BaseConnection.php(598): CodeIgniter\Database\BaseConnection->simpleQuery('INSERT INTO "tb...')
#4 C:\Users\LOQ\Music\Peluit - Copy\system\Database\BaseBuilder.php(1759): CodeIgniter\Database\BaseConnection->query('INSERT INTO "tb...', Array, false)
#5 C:\Users\LOQ\Music\Peluit - Copy\system\Model.php(239): CodeIgniter\Database\BaseBuilder->insert()
#6 C:\Users\LOQ\Music\Peluit - Copy\system\BaseModel.php(738): CodeIgniter\Model->doInsert(Array)
#7 C:\Users\LOQ\Music\Peluit - Copy\system\Model.php(620): CodeIgniter\BaseModel->insert(Array, true)
#8 C:\Users\LOQ\Music\Peluit - Copy\app\Controllers\Form.php(791): CodeIgniter\Model->insert(Array)
#9 C:\Users\LOQ\Music\Peluit - Copy\system\CodeIgniter.php(824): App\Controllers\Form->add_hosting()
#10 C:\Users\LOQ\Music\Peluit - Copy\system\CodeIgniter.php(410): CodeIgniter\CodeIgniter->runController(Object(App\Controllers\Form))
#11 C:\Users\LOQ\Music\Peluit - Copy\system\CodeIgniter.php(318): CodeIgniter\CodeIgniter->handleRequest(NULL, Object(Config\Cache), false)
#12 C:\Users\LOQ\Music\Peluit - Copy\public\index.php(37): CodeIgniter\CodeIgniter->run()
#13 C:\Users\LOQ\Music\Peluit - Copy\system\Commands\Server\rewrite.php(43): require_once('C:\\Users\\LOQ\\Mu...')
#14 {main}
CRITICAL - 2026-04-06 09:41:43 --> pg_query(): Query failed: ERROR:  relation &quot;tb_tiket_hosting&quot; does not exist
LINE 1: INSERT INTO &quot;tb_tiket_hosting&quot; (&quot;id_tiket&quot;, &quot;nama_aplikasi&quot;,...
                    ^
#0 [internal function]: CodeIgniter\Debug\Exceptions->errorHandler(2, 'pg_query(): Que...', 'C:\\Users\\LOQ\\Mu...', 136, Array)
#1 C:\Users\LOQ\Music\Peluit - Copy\system\Database\Postgre\Connection.php(136): pg_query(Resource id #156, 'INSERT INTO "tb...')
#2 C:\Users\LOQ\Music\Peluit - Copy\system\Database\BaseConnection.php(670): CodeIgniter\Database\Postgre\Connection->execute('INSERT INTO "tb...')
#3 C:\Users\LOQ\Music\Peluit - Copy\system\Database\BaseConnection.php(598): CodeIgniter\Database\BaseConnection->simpleQuery('INSERT INTO "tb...')
#4 C:\Users\LOQ\Music\Peluit - Copy\system\Database\BaseBuilder.php(1759): CodeIgniter\Database\BaseConnection->query('INSERT INTO "tb...', Array, false)
#5 C:\Users\LOQ\Music\Peluit - Copy\system\Model.php(239): CodeIgniter\Database\BaseBuilder->insert()
#6 C:\Users\LOQ\Music\Peluit - Copy\system\BaseModel.php(738): CodeIgniter\Model->doInsert(Array)
#7 C:\Users\LOQ\Music\Peluit - Copy\system\Model.php(620): CodeIgniter\BaseModel->insert(Array, true)
#8 C:\Users\LOQ\Music\Peluit - Copy\app\Controllers\Form.php(791): CodeIgniter\Model->insert(Array)
#9 C:\Users\LOQ\Music\Peluit - Copy\system\CodeIgniter.php(824): App\Controllers\Form->add_hosting()
#10 C:\Users\LOQ\Music\Peluit - Copy\system\CodeIgniter.php(410): CodeIgniter\CodeIgniter->runController(Object(App\Controllers\Form))
#11 C:\Users\LOQ\Music\Peluit - Copy\system\CodeIgniter.php(318): CodeIgniter\CodeIgniter->handleRequest(NULL, Object(Config\Cache), false)
#12 C:\Users\LOQ\Music\Peluit - Copy\public\index.php(37): CodeIgniter\CodeIgniter->run()
#13 C:\Users\LOQ\Music\Peluit - Copy\system\Commands\Server\rewrite.php(43): require_once('C:\\Users\\LOQ\\Mu...')
#14 {main}
CRITICAL - 2026-04-06 09:41:43 --> Uncaught CodeIgniter\Format\Exceptions\FormatException: Failed to parse json string, error: "Type is not supported". in C:\Users\LOQ\Music\Peluit - Copy\system\Format\JSONFormatter.php:41
Stack trace:
#0 C:\Users\LOQ\Music\Peluit - Copy\system\Format\JSONFormatter.php(41): CodeIgniter\Format\Exceptions\FormatException::forInvalidJSON('Type is not sup...')
#1 C:\Users\LOQ\Music\Peluit - Copy\system\API\ResponseTrait.php(341): CodeIgniter\Format\JSONFormatter->format(Array)
#2 C:\Users\LOQ\Music\Peluit - Copy\system\API\ResponseTrait.php(99): CodeIgniter\Debug\Exceptions->format(Array)
#3 C:\Users\LOQ\Music\Peluit - Copy\system\Debug\Exceptions.php(110): CodeIgniter\Debug\Exceptions->respond(Array, 500)
#4 [internal function]: CodeIgniter\Debug\Exceptions->exceptionHandler(Object(ErrorException))
#5 {main}
  thrown
#0 [internal function]: CodeIgniter\Debug\Exceptions->shutdownHandler()
#1 {main}
ERROR - 2026-04-06 09:41:55 --> ErrorException: pg_query(): Query failed: ERROR:  relation &quot;tb_tiket_hosting&quot; does not exist
LINE 2: FROM &quot;tb_tiket_hosting&quot;
             ^ in C:\Users\LOQ\Music\Peluit - Copy\system\Database\Postgre\Connection.php:136
Stack trace:
#0 [internal function]: CodeIgniter\Debug\Exceptions->errorHandler(2, 'pg_query(): Que...', 'C:\\Users\\LOQ\\Mu...', 136, Array)
#1 C:\Users\LOQ\Music\Peluit - Copy\system\Database\Postgre\Connection.php(136): pg_query(Resource id #155, 'SELECT *\nFROM "...')
#2 C:\Users\LOQ\Music\Peluit - Copy\system\Database\BaseConnection.php(670): CodeIgniter\Database\Postgre\Connection->execute('SELECT *\nFROM "...')
#3 C:\Users\LOQ\Music\Peluit - Copy\system\Database\BaseConnection.php(598): CodeIgniter\Database\BaseConnection->simpleQuery('SELECT *\nFROM "...')
#4 C:\Users\LOQ\Music\Peluit - Copy\system\Database\BaseBuilder.php(1443): CodeIgniter\Database\BaseConnection->query('SELECT *\nFROM "...', Array, false)
#5 C:\Users\LOQ\Music\Peluit - Copy\system\Model.php(210): CodeIgniter\Database\BaseBuilder->get()
#6 C:\Users\LOQ\Music\Peluit - Copy\system\BaseModel.php(622): CodeIgniter\Model->doFirst()
#7 C:\Users\LOQ\Music\Peluit - Copy\app\Controllers\Detail.php(234): CodeIgniter\BaseModel->first()
#8 C:\Users\LOQ\Music\Peluit - Copy\system\CodeIgniter.php(824): App\Controllers\Detail->hosting_page('133', 'JK6EX8OR01JONRF...')
#9 C:\Users\LOQ\Music\Peluit - Copy\system\CodeIgniter.php(410): CodeIgniter\CodeIgniter->runController(Object(App\Controllers\Detail))
#10 C:\Users\LOQ\Music\Peluit - Copy\system\CodeIgniter.php(318): CodeIgniter\CodeIgniter->handleRequest(NULL, Object(Config\Cache), false)
#11 C:\Users\LOQ\Music\Peluit - Copy\public\index.php(37): CodeIgniter\CodeIgniter->run()
#12 C:\Users\LOQ\Music\Peluit - Copy\system\Commands\Server\rewrite.php(43): require_once('C:\\Users\\LOQ\\Mu...')
#13 {main}
CRITICAL - 2026-04-06 09:41:55 --> pg_query(): Query failed: ERROR:  relation &quot;tb_tiket_hosting&quot; does not exist
LINE 2: FROM &quot;tb_tiket_hosting&quot;
             ^
#0 [internal function]: CodeIgniter\Debug\Exceptions->errorHandler(2, 'pg_query(): Que...', 'C:\\Users\\LOQ\\Mu...', 136, Array)
#1 C:\Users\LOQ\Music\Peluit - Copy\system\Database\Postgre\Connection.php(136): pg_query(Resource id #155, 'SELECT *\nFROM "...')
#2 C:\Users\LOQ\Music\Peluit - Copy\system\Database\BaseConnection.php(670): CodeIgniter\Database\Postgre\Connection->execute('SELECT *\nFROM "...')
#3 C:\Users\LOQ\Music\Peluit - Copy\system\Database\BaseConnection.php(598): CodeIgniter\Database\BaseConnection->simpleQuery('SELECT *\nFROM "...')
#4 C:\Users\LOQ\Music\Peluit - Copy\system\Database\BaseBuilder.php(1443): CodeIgniter\Database\BaseConnection->query('SELECT *\nFROM "...', Array, false)
#5 C:\Users\LOQ\Music\Peluit - Copy\system\Model.php(210): CodeIgniter\Database\BaseBuilder->get()
#6 C:\Users\LOQ\Music\Peluit - Copy\system\BaseModel.php(622): CodeIgniter\Model->doFirst()
#7 C:\Users\LOQ\Music\Peluit - Copy\app\Controllers\Detail.php(234): CodeIgniter\BaseModel->first()
#8 C:\Users\LOQ\Music\Peluit - Copy\system\CodeIgniter.php(824): App\Controllers\Detail->hosting_page('133', 'JK6EX8OR01JONRF...')
#9 C:\Users\LOQ\Music\Peluit - Copy\system\CodeIgniter.php(410): CodeIgniter\CodeIgniter->runController(Object(App\Controllers\Detail))
#10 C:\Users\LOQ\Music\Peluit - Copy\system\CodeIgniter.php(318): CodeIgniter\CodeIgniter->handleRequest(NULL, Object(Config\Cache), false)
#11 C:\Users\LOQ\Music\Peluit - Copy\public\index.php(37): CodeIgniter\CodeIgniter->run()
#12 C:\Users\LOQ\Music\Peluit - Copy\system\Commands\Server\rewrite.php(43): require_once('C:\\Users\\LOQ\\Mu...')
#13 {main}
ERROR - 2026-04-06 09:48:10 --> ErrorException: pg_query(): Query failed: ERROR:  relation &quot;tb_tiket_hosting&quot; does not exist
LINE 2: FROM &quot;tb_tiket_hosting&quot;
             ^ in C:\Users\LOQ\Music\Peluit - Copy\system\Database\Postgre\Connection.php:136
Stack trace:
#0 [internal function]: CodeIgniter\Debug\Exceptions->errorHandler(2, 'pg_query(): Que...', 'C:\\Users\\LOQ\\Mu...', 136, Array)
#1 C:\Users\LOQ\Music\Peluit - Copy\system\Database\Postgre\Connection.php(136): pg_query(Resource id #155, 'SELECT *\nFROM "...')
#2 C:\Users\LOQ\Music\Peluit - Copy\system\Database\BaseConnection.php(670): CodeIgniter\Database\Postgre\Connection->execute('SELECT *\nFROM "...')
#3 C:\Users\LOQ\Music\Peluit - Copy\system\Database\BaseConnection.php(598): CodeIgniter\Database\BaseConnection->simpleQuery('SELECT *\nFROM "...')
#4 C:\Users\LOQ\Music\Peluit - Copy\system\Database\BaseBuilder.php(1443): CodeIgniter\Database\BaseConnection->query('SELECT *\nFROM "...', Array, false)
#5 C:\Users\LOQ\Music\Peluit - Copy\system\Model.php(210): CodeIgniter\Database\BaseBuilder->get()
#6 C:\Users\LOQ\Music\Peluit - Copy\system\BaseModel.php(622): CodeIgniter\Model->doFirst()
#7 C:\Users\LOQ\Music\Peluit - Copy\app\Controllers\Detail.php(234): CodeIgniter\BaseModel->first()
#8 C:\Users\LOQ\Music\Peluit - Copy\system\CodeIgniter.php(824): App\Controllers\Detail->hosting_page('133', 'JK6EX8OR01JONRF...')
#9 C:\Users\LOQ\Music\Peluit - Copy\system\CodeIgniter.php(410): CodeIgniter\CodeIgniter->runController(Object(App\Controllers\Detail))
#10 C:\Users\LOQ\Music\Peluit - Copy\system\CodeIgniter.php(318): CodeIgniter\CodeIgniter->handleRequest(NULL, Object(Config\Cache), false)
#11 C:\Users\LOQ\Music\Peluit - Copy\public\index.php(37): CodeIgniter\CodeIgniter->run()
#12 C:\Users\LOQ\Music\Peluit - Copy\system\Commands\Server\rewrite.php(43): require_once('C:\\Users\\LOQ\\Mu...')
#13 {main}
CRITICAL - 2026-04-06 09:48:10 --> pg_query(): Query failed: ERROR:  relation &quot;tb_tiket_hosting&quot; does not exist
LINE 2: FROM &quot;tb_tiket_hosting&quot;
             ^
#0 [internal function]: CodeIgniter\Debug\Exceptions->errorHandler(2, 'pg_query(): Que...', 'C:\\Users\\LOQ\\Mu...', 136, Array)
#1 C:\Users\LOQ\Music\Peluit - Copy\system\Database\Postgre\Connection.php(136): pg_query(Resource id #155, 'SELECT *\nFROM "...')
#2 C:\Users\LOQ\Music\Peluit - Copy\system\Database\BaseConnection.php(670): CodeIgniter\Database\Postgre\Connection->execute('SELECT *\nFROM "...')
#3 C:\Users\LOQ\Music\Peluit - Copy\system\Database\BaseConnection.php(598): CodeIgniter\Database\BaseConnection->simpleQuery('SELECT *\nFROM "...')
#4 C:\Users\LOQ\Music\Peluit - Copy\system\Database\BaseBuilder.php(1443): CodeIgniter\Database\BaseConnection->query('SELECT *\nFROM "...', Array, false)
#5 C:\Users\LOQ\Music\Peluit - Copy\system\Model.php(210): CodeIgniter\Database\BaseBuilder->get()
#6 C:\Users\LOQ\Music\Peluit - Copy\system\BaseModel.php(622): CodeIgniter\Model->doFirst()
#7 C:\Users\LOQ\Music\Peluit - Copy\app\Controllers\Detail.php(234): CodeIgniter\BaseModel->first()
#8 C:\Users\LOQ\Music\Peluit - Copy\system\CodeIgniter.php(824): App\Controllers\Detail->hosting_page('133', 'JK6EX8OR01JONRF...')
#9 C:\Users\LOQ\Music\Peluit - Copy\system\CodeIgniter.php(410): CodeIgniter\CodeIgniter->runController(Object(App\Controllers\Detail))
#10 C:\Users\LOQ\Music\Peluit - Copy\system\CodeIgniter.php(318): CodeIgniter\CodeIgniter->handleRequest(NULL, Object(Config\Cache), false)
#11 C:\Users\LOQ\Music\Peluit - Copy\public\index.php(37): CodeIgniter\CodeIgniter->run()
#12 C:\Users\LOQ\Music\Peluit - Copy\system\Commands\Server\rewrite.php(43): require_once('C:\\Users\\LOQ\\Mu...')
#13 {main}
ERROR - 2026-04-06 09:48:14 --> ErrorException: pg_query(): Query failed: ERROR:  relation &quot;tb_tiket_hosting&quot; does not exist
LINE 2: FROM &quot;tb_tiket_hosting&quot;
             ^ in C:\Users\LOQ\Music\Peluit - Copy\system\Database\Postgre\Connection.php:136
Stack trace:
#0 [internal function]: CodeIgniter\Debug\Exceptions->errorHandler(2, 'pg_query(): Que...', 'C:\\Users\\LOQ\\Mu...', 136, Array)
#1 C:\Users\LOQ\Music\Peluit - Copy\system\Database\Postgre\Connection.php(136): pg_query(Resource id #155, 'SELECT *\nFROM "...')
#2 C:\Users\LOQ\Music\Peluit - Copy\system\Database\BaseConnection.php(670): CodeIgniter\Database\Postgre\Connection->execute('SELECT *\nFROM "...')
#3 C:\Users\LOQ\Music\Peluit - Copy\system\Database\BaseConnection.php(598): CodeIgniter\Database\BaseConnection->simpleQuery('SELECT *\nFROM "...')
#4 C:\Users\LOQ\Music\Peluit - Copy\system\Database\BaseBuilder.php(1443): CodeIgniter\Database\BaseConnection->query('SELECT *\nFROM "...', Array, false)
#5 C:\Users\LOQ\Music\Peluit - Copy\system\Model.php(210): CodeIgniter\Database\BaseBuilder->get()
#6 C:\Users\LOQ\Music\Peluit - Copy\system\BaseModel.php(622): CodeIgniter\Model->doFirst()
#7 C:\Users\LOQ\Music\Peluit - Copy\app\Controllers\Detail.php(234): CodeIgniter\BaseModel->first()
#8 C:\Users\LOQ\Music\Peluit - Copy\system\CodeIgniter.php(824): App\Controllers\Detail->hosting_page('133', 'JK6EX8OR01JONRF...')
#9 C:\Users\LOQ\Music\Peluit - Copy\system\CodeIgniter.php(410): CodeIgniter\CodeIgniter->runController(Object(App\Controllers\Detail))
#10 C:\Users\LOQ\Music\Peluit - Copy\system\CodeIgniter.php(318): CodeIgniter\CodeIgniter->handleRequest(NULL, Object(Config\Cache), false)
#11 C:\Users\LOQ\Music\Peluit - Copy\public\index.php(37): CodeIgniter\CodeIgniter->run()
#12 C:\Users\LOQ\Music\Peluit - Copy\system\Commands\Server\rewrite.php(43): require_once('C:\\Users\\LOQ\\Mu...')
#13 {main}
CRITICAL - 2026-04-06 09:48:14 --> pg_query(): Query failed: ERROR:  relation &quot;tb_tiket_hosting&quot; does not exist
LINE 2: FROM &quot;tb_tiket_hosting&quot;
             ^
#0 [internal function]: CodeIgniter\Debug\Exceptions->errorHandler(2, 'pg_query(): Que...', 'C:\\Users\\LOQ\\Mu...', 136, Array)
#1 C:\Users\LOQ\Music\Peluit - Copy\system\Database\Postgre\Connection.php(136): pg_query(Resource id #155, 'SELECT *\nFROM "...')
#2 C:\Users\LOQ\Music\Peluit - Copy\system\Database\BaseConnection.php(670): CodeIgniter\Database\Postgre\Connection->execute('SELECT *\nFROM "...')
#3 C:\Users\LOQ\Music\Peluit - Copy\system\Database\BaseConnection.php(598): CodeIgniter\Database\BaseConnection->simpleQuery('SELECT *\nFROM "...')
#4 C:\Users\LOQ\Music\Peluit - Copy\system\Database\BaseBuilder.php(1443): CodeIgniter\Database\BaseConnection->query('SELECT *\nFROM "...', Array, false)
#5 C:\Users\LOQ\Music\Peluit - Copy\system\Model.php(210): CodeIgniter\Database\BaseBuilder->get()
#6 C:\Users\LOQ\Music\Peluit - Copy\system\BaseModel.php(622): CodeIgniter\Model->doFirst()
#7 C:\Users\LOQ\Music\Peluit - Copy\app\Controllers\Detail.php(234): CodeIgniter\BaseModel->first()
#8 C:\Users\LOQ\Music\Peluit - Copy\system\CodeIgniter.php(824): App\Controllers\Detail->hosting_page('133', 'JK6EX8OR01JONRF...')
#9 C:\Users\LOQ\Music\Peluit - Copy\system\CodeIgniter.php(410): CodeIgniter\CodeIgniter->runController(Object(App\Controllers\Detail))
#10 C:\Users\LOQ\Music\Peluit - Copy\system\CodeIgniter.php(318): CodeIgniter\CodeIgniter->handleRequest(NULL, Object(Config\Cache), false)
#11 C:\Users\LOQ\Music\Peluit - Copy\public\index.php(37): CodeIgniter\CodeIgniter->run()
#12 C:\Users\LOQ\Music\Peluit - Copy\system\Commands\Server\rewrite.php(43): require_once('C:\\Users\\LOQ\\Mu...')
#13 {main}
ERROR - 2026-04-06 09:57:41 --> ErrorException: pg_query(): Query failed: ERROR:  relation &quot;tb_tiket_hosting&quot; does not exist
LINE 2: FROM &quot;tb_tiket_hosting&quot;
             ^ in C:\Users\LOQ\Music\Peluit - Copy\system\Database\Postgre\Connection.php:136
Stack trace:
#0 [internal function]: CodeIgniter\Debug\Exceptions->errorHandler(2, 'pg_query(): Que...', 'C:\\Users\\LOQ\\Mu...', 136, Array)
#1 C:\Users\LOQ\Music\Peluit - Copy\system\Database\Postgre\Connection.php(136): pg_query(Resource id #156, 'SELECT *\nFROM "...')
#2 C:\Users\LOQ\Music\Peluit - Copy\system\Database\BaseConnection.php(670): CodeIgniter\Database\Postgre\Connection->execute('SELECT *\nFROM "...')
#3 C:\Users\LOQ\Music\Peluit - Copy\system\Database\BaseConnection.php(598): CodeIgniter\Database\BaseConnection->simpleQuery('SELECT *\nFROM "...')
#4 C:\Users\LOQ\Music\Peluit - Copy\system\Database\BaseBuilder.php(1443): CodeIgniter\Database\BaseConnection->query('SELECT *\nFROM "...', Array, false)
#5 C:\Users\LOQ\Music\Peluit - Copy\system\Model.php(210): CodeIgniter\Database\BaseBuilder->get()
#6 C:\Users\LOQ\Music\Peluit - Copy\system\BaseModel.php(622): CodeIgniter\Model->doFirst()
#7 C:\Users\LOQ\Music\Peluit - Copy\app\Controllers\Detail.php(234): CodeIgniter\BaseModel->first()
#8 C:\Users\LOQ\Music\Peluit - Copy\system\CodeIgniter.php(824): App\Controllers\Detail->hosting_page('133', 'JK6EX8OR01JONRF...')
#9 C:\Users\LOQ\Music\Peluit - Copy\system\CodeIgniter.php(410): CodeIgniter\CodeIgniter->runController(Object(App\Controllers\Detail))
#10 C:\Users\LOQ\Music\Peluit - Copy\system\CodeIgniter.php(318): CodeIgniter\CodeIgniter->handleRequest(NULL, Object(Config\Cache), false)
#11 C:\Users\LOQ\Music\Peluit - Copy\public\index.php(37): CodeIgniter\CodeIgniter->run()
#12 C:\Users\LOQ\Music\Peluit - Copy\system\Commands\Server\rewrite.php(43): require_once('C:\\Users\\LOQ\\Mu...')
#13 {main}
CRITICAL - 2026-04-06 09:57:41 --> pg_query(): Query failed: ERROR:  relation &quot;tb_tiket_hosting&quot; does not exist
LINE 2: FROM &quot;tb_tiket_hosting&quot;
             ^
#0 [internal function]: CodeIgniter\Debug\Exceptions->errorHandler(2, 'pg_query(): Que...', 'C:\\Users\\LOQ\\Mu...', 136, Array)
#1 C:\Users\LOQ\Music\Peluit - Copy\system\Database\Postgre\Connection.php(136): pg_query(Resource id #156, 'SELECT *\nFROM "...')
#2 C:\Users\LOQ\Music\Peluit - Copy\system\Database\BaseConnection.php(670): CodeIgniter\Database\Postgre\Connection->execute('SELECT *\nFROM "...')
#3 C:\Users\LOQ\Music\Peluit - Copy\system\Database\BaseConnection.php(598): CodeIgniter\Database\BaseConnection->simpleQuery('SELECT *\nFROM "...')
#4 C:\Users\LOQ\Music\Peluit - Copy\system\Database\BaseBuilder.php(1443): CodeIgniter\Database\BaseConnection->query('SELECT *\nFROM "...', Array, false)
#5 C:\Users\LOQ\Music\Peluit - Copy\system\Model.php(210): CodeIgniter\Database\BaseBuilder->get()
#6 C:\Users\LOQ\Music\Peluit - Copy\system\BaseModel.php(622): CodeIgniter\Model->doFirst()
#7 C:\Users\LOQ\Music\Peluit - Copy\app\Controllers\Detail.php(234): CodeIgniter\BaseModel->first()
#8 C:\Users\LOQ\Music\Peluit - Copy\system\CodeIgniter.php(824): App\Controllers\Detail->hosting_page('133', 'JK6EX8OR01JONRF...')
#9 C:\Users\LOQ\Music\Peluit - Copy\system\CodeIgniter.php(410): CodeIgniter\CodeIgniter->runController(Object(App\Controllers\Detail))
#10 C:\Users\LOQ\Music\Peluit - Copy\system\CodeIgniter.php(318): CodeIgniter\CodeIgniter->handleRequest(NULL, Object(Config\Cache), false)
#11 C:\Users\LOQ\Music\Peluit - Copy\public\index.php(37): CodeIgniter\CodeIgniter->run()
#12 C:\Users\LOQ\Music\Peluit - Copy\system\Commands\Server\rewrite.php(43): require_once('C:\\Users\\LOQ\\Mu...')
#13 {main}
ERROR - 2026-04-06 11:23:42 --> ErrorException: pg_query(): Query failed: ERROR:  relation &quot;tb_tiket_hosting&quot; does not exist
LINE 2: FROM &quot;tb_tiket_hosting&quot;
             ^ in C:\Users\LOQ\Music\Peluit - Copy\system\Database\Postgre\Connection.php:136
Stack trace:
#0 [internal function]: CodeIgniter\Debug\Exceptions->errorHandler(2, 'pg_query(): Que...', 'C:\\Users\\LOQ\\Mu...', 136, Array)
#1 C:\Users\LOQ\Music\Peluit - Copy\system\Database\Postgre\Connection.php(136): pg_query(Resource id #156, 'SELECT *\nFROM "...')
#2 C:\Users\LOQ\Music\Peluit - Copy\system\Database\BaseConnection.php(670): CodeIgniter\Database\Postgre\Connection->execute('SELECT *\nFROM "...')
#3 C:\Users\LOQ\Music\Peluit - Copy\system\Database\BaseConnection.php(598): CodeIgniter\Database\BaseConnection->simpleQuery('SELECT *\nFROM "...')
#4 C:\Users\LOQ\Music\Peluit - Copy\system\Database\BaseBuilder.php(1443): CodeIgniter\Database\BaseConnection->query('SELECT *\nFROM "...', Array, false)
#5 C:\Users\LOQ\Music\Peluit - Copy\system\Model.php(210): CodeIgniter\Database\BaseBuilder->get()
#6 C:\Users\LOQ\Music\Peluit - Copy\system\BaseModel.php(622): CodeIgniter\Model->doFirst()
#7 C:\Users\LOQ\Music\Peluit - Copy\app\Controllers\Detail.php(234): CodeIgniter\BaseModel->first()
#8 C:\Users\LOQ\Music\Peluit - Copy\system\CodeIgniter.php(824): App\Controllers\Detail->hosting_page('133', 'JK6EX8OR01JONRF...')
#9 C:\Users\LOQ\Music\Peluit - Copy\system\CodeIgniter.php(410): CodeIgniter\CodeIgniter->runController(Object(App\Controllers\Detail))
#10 C:\Users\LOQ\Music\Peluit - Copy\system\CodeIgniter.php(318): CodeIgniter\CodeIgniter->handleRequest(NULL, Object(Config\Cache), false)
#11 C:\Users\LOQ\Music\Peluit - Copy\public\index.php(37): CodeIgniter\CodeIgniter->run()
#12 C:\Users\LOQ\Music\Peluit - Copy\system\Commands\Server\rewrite.php(43): require_once('C:\\Users\\LOQ\\Mu...')
#13 {main}
CRITICAL - 2026-04-06 11:23:42 --> pg_query(): Query failed: ERROR:  relation &quot;tb_tiket_hosting&quot; does not exist
LINE 2: FROM &quot;tb_tiket_hosting&quot;
             ^
#0 [internal function]: CodeIgniter\Debug\Exceptions->errorHandler(2, 'pg_query(): Que...', 'C:\\Users\\LOQ\\Mu...', 136, Array)
#1 C:\Users\LOQ\Music\Peluit - Copy\system\Database\Postgre\Connection.php(136): pg_query(Resource id #156, 'SELECT *\nFROM "...')
#2 C:\Users\LOQ\Music\Peluit - Copy\system\Database\BaseConnection.php(670): CodeIgniter\Database\Postgre\Connection->execute('SELECT *\nFROM "...')
#3 C:\Users\LOQ\Music\Peluit - Copy\system\Database\BaseConnection.php(598): CodeIgniter\Database\BaseConnection->simpleQuery('SELECT *\nFROM "...')
#4 C:\Users\LOQ\Music\Peluit - Copy\system\Database\BaseBuilder.php(1443): CodeIgniter\Database\BaseConnection->query('SELECT *\nFROM "...', Array, false)
#5 C:\Users\LOQ\Music\Peluit - Copy\system\Model.php(210): CodeIgniter\Database\BaseBuilder->get()
#6 C:\Users\LOQ\Music\Peluit - Copy\system\BaseModel.php(622): CodeIgniter\Model->doFirst()
#7 C:\Users\LOQ\Music\Peluit - Copy\app\Controllers\Detail.php(234): CodeIgniter\BaseModel->first()
#8 C:\Users\LOQ\Music\Peluit - Copy\system\CodeIgniter.php(824): App\Controllers\Detail->hosting_page('133', 'JK6EX8OR01JONRF...')
#9 C:\Users\LOQ\Music\Peluit - Copy\system\CodeIgniter.php(410): CodeIgniter\CodeIgniter->runController(Object(App\Controllers\Detail))
#10 C:\Users\LOQ\Music\Peluit - Copy\system\CodeIgniter.php(318): CodeIgniter\CodeIgniter->handleRequest(NULL, Object(Config\Cache), false)
#11 C:\Users\LOQ\Music\Peluit - Copy\public\index.php(37): CodeIgniter\CodeIgniter->run()
#12 C:\Users\LOQ\Music\Peluit - Copy\system\Commands\Server\rewrite.php(43): require_once('C:\\Users\\LOQ\\Mu...')
#13 {main}
